Component: ARM Compiler 5.06 update 6 (build 750) Tool: armlink [4d35ed]

==============================================================================

Section Cross References

    main.o(.text) refers to rtx_kernel.o(.text.osKernelGetState) for osKernelGetState
    main.o(.text) refers to rtx_kernel.o(.text.osKernelGetTickCount) for osKernelGetTickCount
    main.o(.text) refers to stm32f7xx_hal_rcc.o(.text) for HAL_RCC_OscConfig
    main.o(.text) refers to stm32f7xx_hal_pwr_ex.o(.text) for HAL_PWREx_EnableOverDrive
    main.o(.text) refers to stm32f7xx_hal_cortex.o(.text) for HAL_MPU_Disable
    main.o(.text) refers to stm32f7xx_hal.o(.text) for HAL_Init
    main.o(.text) refers to system_stm32f7xx.o(.text) for SystemCoreClockUpdate
    main.o(.text) refers to rtx_kernel.o(.text.osKernelInitialize) for osKernelInitialize
    main.o(.text) refers to rtx_thread.o(.text.osThreadNew) for osThreadNew
    main.o(.text) refers to rtx_kernel.o(.text.osKernelStart) for osKernelStart
    main.o(.text) refers to system_stm32f7xx.o(.data) for SystemCoreClock
    main.o(.text) refers to main.o(.data) for .data
    main.o(.text) refers to http_upload.o(.constdata) for app_main_attr
    main.o(.text) refers to http_upload.o(.text) for app_main
    http_server_cgi.o(.text) refers to _printf_percent.o(.ARM.Collect$$_printf_percent$$00000000) for _printf_percent
    http_server_cgi.o(.text) refers to _printf_s.o(.ARM.Collect$$_printf_percent$$00000014) for _printf_s
    http_server_cgi.o(.text) refers to _printf_str.o(.text) for _printf_str
    http_server_cgi.o(.text) refers to _printf_d.o(.ARM.Collect$$_printf_percent$$00000009) for _printf_d
    http_server_cgi.o(.text) refers to _printf_dec.o(.text) for _printf_int_dec
    http_server_cgi.o(.text) refers to _printf_pad.o(.text) for _printf_pre_padding
    http_server_cgi.o(.text) refers to _printf_p.o(.ARM.Collect$$_printf_percent$$00000002) for _printf_p
    http_server_cgi.o(.text) refers to _printf_n.o(.ARM.Collect$$_printf_percent$$00000001) for _printf_n
    http_server_cgi.o(.text) refers to _printf_charcount.o(.text) for _printf_charcount
    http_server_cgi.o(.text) refers to _printf_hex_int_ptr.o(.text) for _printf_longlong_hex
    http_server_cgi.o(.text) refers to fclose_locked.o(.text) for fclose
    http_server_cgi.o(.text) refers to net_http_server.o(i.netCGI_GetEnvVar) for netCGI_GetEnvVar
    http_server_cgi.o(.text) refers to strncmp.o(.text) for strncmp
    http_server_cgi.o(.text) refers to strcmpv7m_pel.o(.text) for strcmp
    http_server_cgi.o(.text) refers to strcpy.o(.text) for strcpy
    http_server_cgi.o(.text) refers to __2sprintf.o(.text) for __2sprintf
    http_server_cgi.o(.text) refers to fs_mapi.o(i.finit) for finit
    http_server_cgi.o(.text) refers to fs_mapi.o(i.fmount) for fmount
    http_server_cgi.o(.text) refers to fs_mapi.o(i.fformat) for fformat
    http_server_cgi.o(.text) refers to fopen_locked.o(.text) for fopen
    http_server_cgi.o(.text) refers to fwritefast_locked.o(.text) for fwrite
    http_server_cgi.o(.text) refers to lludivv7m.o(.text) for __aeabi_uldivmod
    http_server_cgi.o(.text) refers to fs_mapi.o(i.ffind) for ffind
    http_server_cgi.o(.text) refers to http_server_cgi.o(.data) for .data
    http_server_cgi.o(.text) refers to http_server_cgi.o(.bss) for .bss
    http_server_cgi.o(.text) refers to http_server_cgi.o(.conststring) for .conststring
    http_upload.o(.text) refers to _printf_percent.o(.ARM.Collect$$_printf_percent$$00000000) for _printf_percent
    http_upload.o(.text) refers to _printf_i.o(.ARM.Collect$$_printf_percent$$00000008) for _printf_i
    http_upload.o(.text) refers to _printf_dec.o(.text) for _printf_int_dec
    http_upload.o(.text) refers to rtx_thread.o(.text.osThreadFlagsSet) for osThreadFlagsSet
    http_upload.o(.text) refers to glcd_746g_discovery.o(.text) for GLCD_DrawString
    http_upload.o(.text) refers to rt_memclr_w.o(.text) for __aeabi_memclr4
    http_upload.o(.text) refers to hx711.o(.text) for HX711_Value
    http_upload.o(.text) refers to __2sprintf.o(.text) for __2sprintf
    http_upload.o(.text) refers to rtx_delay.o(.text.osDelay) for osDelay
    http_upload.o(.text) refers to stdout_display.o(.text) for stdout_init
    http_upload.o(.text) refers to usbh_lib_core.o(i.USBH_Initialize) for USBH_Initialize
    http_upload.o(.text) refers to usbh_lib_hid.o(i.USBH_HID_GetStatus) for USBH_HID_GetStatus
    http_upload.o(.text) refers to __2printf.o(.text) for __2printf
    http_upload.o(.text) refers to usbh_lib_hid.o(i.USBH_HID_GetKeyboardKey) for USBH_HID_GetKeyboardKey
    http_upload.o(.text) refers to putc.o(.text) for putc
    http_upload.o(.text) refers to fs_config.o(.text) for fflush
    http_upload.o(.text) refers to net_sys.o(i.netIF_GetOption) for netIF_GetOption
    http_upload.o(.text) refers to net_addr.o(i.netIP_ntoa) for netIP_ntoa
    http_upload.o(.text) refers to rtx_thread.o(.text.osThreadFlagsWait) for osThreadFlagsWait
[...]
    0x0800df08   0x0800df08   0x000000c4   Code   RO         2809    i.USBH_DriverPortGetState  USB_Dbg_CM3_L.lib(usbh_lib_drv.o)
    0x0800dfcc   0x0800dfcc   0x0000009c   Code   RO         2810    i.USBH_DriverPortReset  USB_Dbg_CM3_L.lib(usbh_lib_drv.o)
    0x0800e068   0x0800e068   0x00000088   Code   RO         2811    i.USBH_DriverPortResume  USB_Dbg_CM3_L.lib(usbh_lib_drv.o)
    0x0800e0f0   0x0800e0f0   0x00000088   Code   RO         2812    i.USBH_DriverPortSuspend  USB_Dbg_CM3_L.lib(usbh_lib_drv.o)
    0x0800e178   0x0800e178   0x0000008c   Code   RO         2813    i.USBH_DriverPortVbusOnOff  USB_Dbg_CM3_L.lib(usbh_lib_drv.o)
    0x0800e204   0x0800e204   0x00000088   Code   RO         2814    i.USBH_DriverPowerControl  USB_Dbg_CM3_L.lib(usbh_lib_drv.o)
    0x0800e28c   0x0800e28c   0x000002c0   Code   RO         2688    i.USBH_Engine       USB_Dbg_CM3_L.lib(usbh_lib_core.o)
    0x0800e54c   0x0800e54c   0x00000378   Code   RO         2689    i.USBH_EnumerateDevice  USB_Dbg_CM3_L.lib(usbh_lib_core.o)
    0x0800e8c4   0x0800e8c4   0x00000030   Code   RO         2690    i.USBH_GetFree_PIPE  USB_Dbg_CM3_L.lib(usbh_lib_core.o)
    0x0800e8f4   0x0800e8f4   0x00000040   Code   RO         2692    i.USBH_Get_Thread_ID_of_Pipe  USB_Dbg_CM3_L.lib(usbh_lib_core.o)
    0x0800e934   0x0800e934   0x0000010c   Code   RO         2852    i.USBH_HID_Configure  USB_Dbg_CM3_L.lib(usbh_lib_hid.o)
    0x0800ea40   0x0800ea40   0x00000002   Code   RO         2853    i.USBH_HID_DataReceived  USB_Dbg_CM3_L.lib(usbh_lib_hid.o)
    0x0800ea42   0x0800ea42   0x00000002   PAD
    0x0800ea44   0x0800ea44   0x0000004c   Code   RO         2854    i.USBH_HID_GetDevice  USB_Dbg_CM3_L.lib(usbh_lib_hid.o)
    0x0800ea90   0x0800ea90   0x000000e8   Code   RO         2855    i.USBH_HID_GetKeyboardKey  USB_Dbg_CM3_L.lib(usbh_lib_hid.o)
    0x0800eb78   0x0800eb78   0x0000003c   Code   RO         2857    i.USBH_HID_GetStatus  USB_Dbg_CM3_L.lib(usbh_lib_hid.o)
    0x0800ebb4   0x0800ebb4   0x00000002   Code   RO         2858    i.USBH_HID_Initialize  USB_Dbg_CM3_L.lib(usbh_lib_hid.o)
    0x0800ebb6   0x0800ebb6   0x00000002   PAD
    0x0800ebb8   0x0800ebb8   0x00000114   Code   RO         2859    i.USBH_HID_Initialize_Lib  USB_Dbg_CM3_L.lib(usbh_lib_hid.o)
    0x0800eccc   0x0800eccc   0x00000094   Code   RO         2860    i.USBH_HID_IntIn_Thread  USB_Dbg_CM3_L.lib(usbh_lib_hid.o)
    0x0800ed60   0x0800ed60   0x00000002   Code   RO         2861    i.USBH_HID_ParseReportDescriptor  USB_Dbg_CM3_L.lib(usbh_lib_hid.o)
    0x0800ed62   0x0800ed62   0x00000002   PAD
    0x0800ed64   0x0800ed64   0x00000080   Code   RO         2863    i.USBH_HID_SetIdle  USB_Dbg_CM3_L.lib(usbh_lib_hid.o)
    0x0800ede4   0x0800ede4   0x00000088   Code   RO         2865    i.USBH_HID_Unconfigure  USB_Dbg_CM3_L.lib(usbh_lib_hid.o)
    0x0800ee6c   0x0800ee6c   0x00000002   Code   RO         2866    i.USBH_HID_Uninitialize  USB_Dbg_CM3_L.lib(usbh_lib_hid.o)
    0x0800ee6e   0x0800ee6e   0x00000002   PAD
    0x0800ee70   0x0800ee70   0x00000074   Code   RO         2867    i.USBH_HID_Uninitialize_Lib  USB_Dbg_CM3_L.lib(usbh_lib_hid.o)
    0x0800eee4   0x0800eee4   0x00000204   Code   RO         2693    i.USBH_Initialize   USB_Dbg_CM3_L.lib(usbh_lib_core.o)
    0x0800f0e8   0x0800f0e8   0x0000004c   Code   RO         2694    i.USBH_MemoryAllocate  USB_Dbg_CM3_L.lib(usbh_lib_core.o)
    0x0800f134   0x0800f134   0x00000044   Code   RO         3580    i.USBH_MemoryAllocateLib  USB_Dbg_CM3_L.lib(usbh_lib_mem.o)
    0x0800f178   0x0800f178   0x00000040   Code   RO         2695    i.USBH_MemoryFree   USB_Dbg_CM3_L.lib(usbh_lib_core.o)
    0x0800f1b8   0x0800f1b8   0x00000040   Code   RO         3581    i.USBH_MemoryFreeLib  USB_Dbg_CM3_L.lib(usbh_lib_mem.o)
    0x0800f1f8   0x0800f1f8   0x00000010   Code   RO         3582    i.USBH_MemoryGetPoolSize  USB_Dbg_CM3_L.lib(usbh_lib_mem.o)
    0x0800f208   0x0800f208   0x00000034   Code   RO         2696    i.USBH_MemoryInitialize  USB_Dbg_CM3_L.lib(usbh_lib_core.o)
    0x0800f23c   0x0800f23c   0x00000040   Code   RO         3583    i.USBH_MemoryInitializeLib  USB_Dbg_CM3_L.lib(usbh_lib_mem.o)
    0x0800f27c   0x0800f27c   0x0000002c   Code   RO         3584    i.USBH_MemoryIsInPool  USB_Dbg_CM3_L.lib(usbh_lib_mem.o)
    0x0800f2a8   0x0800f2a8   0x00000002   Code   RO         2698    i.USBH_Notify       USB_Dbg_CM3_L.lib(usbh_lib_core.o)
    0x0800f2aa   0x0800f2aa   0x00000002   PAD
    0x0800f2ac   0x0800f2ac   0x00000030   Code   RO         2699    i.USBH_Notify_Lib   USB_Dbg_CM3_L.lib(usbh_lib_core.o)
    0x0800f2dc   0x0800f2dc   0x00000078   Code   RO         2700    i.USBH_PipeAbort    USB_Dbg_CM3_L.lib(usbh_lib_core.o)
    0x0800f354   0x0800f354   0x0000009c   Code   RO         2701    i.USBH_PipeCreate   USB_Dbg_CM3_L.lib(usbh_lib_core.o)
    0x0800f3f0   0x0800f3f0   0x00000060   Code   RO         2702    i.USBH_PipeDelete   USB_Dbg_CM3_L.lib(usbh_lib_core.o)
    0x0800f450   0x0800f450   0x000000bc   Code   RO         2703    i.USBH_PipeDoPing   USB_Dbg_CM3_L.lib(usbh_lib_core.o)
    0x0800f50c   0x0800f50c   0x0000029c   Code   RO         2704    i.USBH_PipeReceive  USB_Dbg_CM3_L.lib(usbh_lib_core.o)
    0x0800f7a8   0x0800f7a8   0x00000028   Code   RO         2705    i.USBH_PipeReceiveGetResult  USB_Dbg_CM3_L.lib(usbh_lib_core.o)
    0x0800f7d0   0x0800f7d0   0x000002b4   Code   RO         2707    i.USBH_PipeSend     USB_Dbg_CM3_L.lib(usbh_lib_core.o)
    0x0800fa84   0x0800fa84   0x0000013c   Code   RO         2709    i.USBH_PipeSendSetup  USB_Dbg_CM3_L.lib(usbh_lib_core.o)
    0x0800fbc0   0x0800fbc0   0x000000c0   Code   RO         2713    i.USBH_PrepareEnumerateDevice  USB_Dbg_CM3_L.lib(usbh_lib_core.o)
    0x0800fc80   0x0800fc80   0x000001c8   Code   RO         2715    i.USBH_RecoveryEnumerateDevice  USB_Dbg_CM3_L.lib(usbh_lib_core.o)
    0x0800fe48   0x0800fe48   0x00000038   Code   RO         2816    i.USBH_SignalPipeEvent  USB_Dbg_CM3_L.lib(usbh_lib_drv.o)
    0x0800fe80   0x0800fe80   0x00000068   Code   RO         2817    i.USBH_SignalPortEvent  USB_Dbg_CM3_L.lib(usbh_lib_drv.o)
    0x0800fee8   0x0800fee8   0x0000011c   Code   RO         2717    i.USBH_UninitializeDevices  USB_Dbg_CM3_L.lib(usbh_lib_core.o)
    0x08010004   0x08010004   0x00000064   Code   RO         1999    i.__sys_close       FS_LFN_CM3_L.lib(fs_sys.o)
    0x08010068   0x08010068   0x00000068   Code   RO         2000    i.__sys_ensure      FS_LFN_CM3_L.lib(fs_sys.o)
    0x080100d0   0x080100d0   0x00000064   Code   RO         2001    i.__sys_flen        FS_LFN_CM3_L.lib(fs_sys.o)
    0x08010134   0x08010134   0x00000090   Code   RO         2002    i.__sys_open        FS_LFN_CM3_L.lib(fs_sys.o)
    0x080101c4   0x080101c4   0x00000084   Code   RO         2003    i.__sys_read        FS_LFN_CM3_L.lib(fs_sys.o)
    0x08010248   0x08010248   0x00000070   Code   RO         2004    i.__sys_seek        FS_LFN_CM3_L.lib(fs_sys.o)
    0x080102b8   0x080102b8   0x00000074   Code   RO         2005    i.__sys_write       FS_LFN_CM3_L.lib(fs_sys.o)
    0x0801032c   0x0801032c   0x0000005c   Code   RO         1869    i._fdelete          FS_LFN_CM3_L.lib(fs_mapi.o)
    0x08010388   0x08010388   0x0000000e   Code   RO         3675    i._is_digit         c_w.l(__printf_wp.o)
    0x08010396   0x08010396   0x00000002   PAD
    0x08010398   0x08010398   0x00000034   Code   RO         2371    i.add_server_id     Net_Dbg_CM3_L.lib(net_http_server.o)
    0x080103cc   0x080103cc   0x0000006a   Code   RO         3102    i.alloc_clus        FS_LFN_CM3_L.lib(fs_fat.o)
    0x08010436   0x08010436   0x0000009a   Code   RO         3103    i.alloc_table_read  FS_LFN_CM3_L.lib(fs_fat.o)
    0x080104d0   0x080104d0   0x000000dc   Code   RO         3104    i.alloc_table_write  FS_LFN_CM3_L.lib(fs_fat.o)
    0x080105ac   0x080105ac   0x00000084   Code   RO         3309    i.arp_cache_alloc   Net_Dbg_CM3_L.lib(net_arp.o)
    0x08010630   0x08010630   0x00000040   Code   RO         3310    i.arp_is_cacheable  Net_Dbg_CM3_L.lib(net_arp.o)
    0x08010670   0x08010670   0x00000058   Code   RO         3311    i.arp_probe_run     Net_Dbg_CM3_L.lib(net_arp.o)
    0x080106c8   0x080106c8   0x000000d8   Code   RO         3312    i.arp_proc_response  Net_Dbg_CM3_L.lib(net_arp.o)
    0x080107a0   0x080107a0   0x0000001a   Code   RO         3313    i.arp_que_free      Net_Dbg_CM3_L.lib(net_arp.o)
    0x080107ba   0x080107ba   0x00000002   PAD
    0x080107bc   0x080107bc   0x000000a8   Code   RO         3314    i.arp_send_reply    Net_Dbg_CM3_L.lib(net_arp.o)
    0x08010864   0x08010864   0x000000dc   Code   RO         3315    i.arp_send_request  Net_Dbg_CM3_L.lib(net_arp.o)
    0x08010940   0x08010940   0x00000068   Code   RO         3316    i.arp_sender_valid  Net_Dbg_CM3_L.lib(net_arp.o)
    0x080109a8   0x080109a8   0x000000b4   Code   RO         3105    i.bs_read           FS_LFN_CM3_L.lib(fs_fat.o)
    0x08010a5c   0x08010a5c   0x000001d4   Code   RO         3106    i.bs_write          FS_LFN_CM3_L.lib(fs_fat.o)
    0x08010c30   0x08010c30   0x00000096   Code   RO         3107    i.cache_fat         FS_LFN_CM3_L.lib(fs_fat.o)
    0x08010cc6   0x08010cc6   0x00000060   Code   RO         3108    i.char_validate     FS_LFN_CM3_L.lib(fs_fat.o)
    0x08010d26   0x08010d26   0x00000002   PAD
    0x08010d28   0x08010d28   0x00000070   Code   RO         2321    i.check_client_id   Net_Dbg_CM3_L.lib(net_dhcp6_client.o)
    0x08010d98   0x08010d98   0x00000188   Code   RO         2372    i.chk_post_req      Net_Dbg_CM3_L.lib(net_http_server.o)
    0x08010f20   0x08010f20   0x00000044   Code   RO         3109    i.clear_clus        FS_LFN_CM3_L.lib(fs_fat.o)
    0x08010f64   0x08010f64   0x00000024   Code   RO         3110    i.clus_to_sect      FS_LFN_CM3_L.lib(fs_fat.o)
    0x08010f88   0x08010f88   0x0000001e   Code   RO         2373    i.cmp_fname_ext     Net_Dbg_CM3_L.lib(net_http_server.o)
    0x08010fa6   0x08010fa6   0x00000028   Code   RO         2374    i.cmp_header        Net_Dbg_CM3_L.lib(net_http_server.o)
    0x08010fce   0x08010fce   0x00000002   PAD
    0x08010fd0   0x08010fd0   0x00000028   Code   RO         3522    i.crc32_8bit        Net_Dbg_CM3_L.lib(net_common.o)
    0x08010ff8   0x08010ff8   0x000000d4   Code   RO         3111    i.create_dot_entries  FS_LFN_CM3_L.lib(fs_fat.o)
    0x080110cc   0x080110cc   0x000000e4   Code   RO         3112    i.create_lfn_entry  FS_LFN_CM3_L.lib(fs_fat.o)
    0x080111b0   0x080111b0   0x0000008a   Code   RO         3113    i.create_sfn_entry  FS_LFN_CM3_L.lib(fs_fat.o)
    0x0801123a   0x0801123a   0x00000002   PAD
    0x0801123c   0x0801123c   0x00000048   Code   RO         2322    i.dhcp6_client_start  Net_Dbg_CM3_L.lib(net_dhcp6_client.o)
    0x08011284   0x08011284   0x000003f4   Code   RO         2324    i.dhcp6_listener    Net_Dbg_CM3_L.lib(net_dhcp6_client.o)
    0x08011678   0x08011678   0x000001e8   Code   RO         2325    i.dhcp6_send_message  Net_Dbg_CM3_L.lib(net_dhcp6_client.o)
    0x08011860   0x08011860   0x00000040   Code   RO         2284    i.dhcp_client_start  Net_Dbg_CM3_L.lib(net_dhcp_client.o)
    0x080118a0   0x080118a0   0x000003e0   Code   RO         2286    i.dhcp_listener     Net_Dbg_CM3_L.lib(net_dhcp_client.o)
    0x08011c80   0x08011c80   0x0000027c   Code   RO         2287    i.dhcp_send_message  Net_Dbg_CM3_L.lib(net_dhcp_client.o)
    0x08011efc   0x08011efc   0x00000038   Code   RO         3114    i.entry_flush       FS_LFN_CM3_L.lib(fs_fat.o)
    0x08011f34   0x08011f34   0x0000001c   Code   RO         3115    i.entry_pos_comp    FS_LFN_CM3_L.lib(fs_fat.o)
    0x08011f50   0x08011f50   0x00000060   Code   RO         3116    i.entry_pos_inc     FS_LFN_CM3_L.lib(fs_fat.o)
    0x08011fb0   0x08011fb0   0x00000044   Code   RO         3117    i.entry_read        FS_LFN_CM3_L.lib(fs_fat.o)
    0x08011ff4   0x08011ff4   0x0000002e   Code   RO         3118    i.entry_type        FS_LFN_CM3_L.lib(fs_fat.o)
    0x08012022   0x08012022   0x00000002   PAD
    0x08012024   0x08012024   0x000000c4   Code   RO         2019    i.eth_check_link    Net_Dbg_CM3_L.lib(net_eth.o)
    0x080120e8   0x080120e8   0x0000000c   Code   RO         2020    i.eth_lock          Net_Dbg_CM3_L.lib(net_eth.o)
    0x080120f4   0x080120f4   0x0000001e   Code   RO         2021    i.eth_make_mcast4   Net_Dbg_CM3_L.lib(net_eth.o)
    0x08012112   0x08012112   0x0000001a   Code   RO         2022    i.eth_make_mcast6   Net_Dbg_CM3_L.lib(net_eth.o)
    0x0801212c   0x0801212c   0x0000001c   Code   RO         2023    i.eth_mtu_limit     Net_Dbg_CM3_L.lib(net_eth.o)
    0x08012148   0x08012148   0x00000014   Code   RO         2024    i.eth_notify        Net_Dbg_CM3_L.lib(net_eth.o)
    0x0801215c   0x0801215c   0x00000044   Code   RO         2025    i.eth_opt_len       Net_Dbg_CM3_L.lib(net_eth.o)
    0x080121a0   0x080121a0   0x00000088   Code   RO         2026    i.eth_receive       Net_Dbg_CM3_L.lib(net_eth.o)
    0x08012228   0x08012228   0x0000000c   Code   RO         2027    i.eth_unlock        Net_Dbg_CM3_L.lib(net_eth.o)
    0x08012234   0x08012234   0x00000128   Code   RO         3121    i.fat_close         FS_LFN_CM3_L.lib(fs_fat.o)
    0x0801235c   0x0801235c   0x00000030   Code   RO         3122    i.fat_crc32         FS_LFN_CM3_L.lib(fs_fat.o)
    0x0801238c   0x0801238c   0x000001e4   Code   RO         3123    i.fat_delete        FS_LFN_CM3_L.lib(fs_fat.o)
    0x08012570   0x08012570   0x000000ee   Code   RO         3125    i.fat_ffind         FS_LFN_CM3_L.lib(fs_fat.o)
    0x0801265e   0x0801265e   0x00000002   PAD
    0x08012660   0x08012660   0x00000020   Code   RO         3126    i.fat_flen          FS_LFN_CM3_L.lib(fs_fat.o)
    0x08012680   0x08012680   0x00000048   Code   RO         3127    i.fat_flush         FS_LFN_CM3_L.lib(fs_fat.o)
    0x080126c8   0x080126c8   0x000004d8   Code   RO         3128    i.fat_format        FS_LFN_CM3_L.lib(fs_fat.o)
    0x08012ba0   0x08012ba0   0x00000040   Code   RO         3130    i.fat_handle_get    FS_LFN_CM3_L.lib(fs_fat.o)
    0x08012be0   0x08012be0   0x00000054   Code   RO         3132    i.fat_init          FS_LFN_CM3_L.lib(fs_fat.o)
    0x08012c34   0x08012c34   0x000001e4   Code   RO         3136    i.fat_mount         FS_LFN_CM3_L.lib(fs_fat.o)
    0x08012e18   0x08012e18   0x000001c8   Code   RO         3137    i.fat_open          FS_LFN_CM3_L.lib(fs_fat.o)
    0x08012fe0   0x08012fe0   0x00000104   Code   RO         3139    i.fat_read          FS_LFN_CM3_L.lib(fs_fat.o)
    0x080130e4   0x080130e4   0x00000208   Code   RO         3142    i.fat_seek          FS_LFN_CM3_L.lib(fs_fat.o)
    0x080132ec   0x080132ec   0x00000090   Code   RO         3146    i.fat_vol_chk       FS_LFN_CM3_L.lib(fs_fat.o)
    0x0801337c   0x0801337c   0x00000184   Code   RO         3147    i.fat_write         FS_LFN_CM3_L.lib(fs_fat.o)
    0x08013500   0x08013500   0x000000e4   Code   RO         1877    i.ffind             FS_LFN_CM3_L.lib(fs_mapi.o)
    0x080135e4   0x080135e4   0x00000058   Code   RO         1878    i.fformat           FS_LFN_CM3_L.lib(fs_mapi.o)
    0x0801363c   0x0801363c   0x00000018   Code   RO         3849    i.fgetc             c_w.l(fgetc.o)
    0x08013654   0x08013654   0x00000048   Code   RO         3148    i.file_locked       FS_LFN_CM3_L.lib(fs_fat.o)
    0x0801369c   0x0801369c   0x00000076   Code   RO         1925    i.fill_cid          FS_LFN_CM3_L.lib(fs_mc_mci.o)
    0x08013712   0x08013712   0x00000050   Code   RO         3149    i.find_param        FS_LFN_CM3_L.lib(fs_fat.o)
    0x08013762   0x08013762   0x00000002   PAD
    0x08013764   0x08013764   0x00000048   Code   RO         1881    i.finit             FS_LFN_CM3_L.lib(fs_mapi.o)
    0x080137ac   0x080137ac   0x00000054   Code   RO         1884    i.fmount            FS_LFN_CM3_L.lib(fs_mapi.o)
    0x08013800   0x08013800   0x0000002c   Code   RO         3150    i.format_date       FS_LFN_CM3_L.lib(fs_fat.o)
    0x0801382c   0x0801382c   0x0000002e   Code   RO         3151    i.format_time       FS_LFN_CM3_L.lib(fs_fat.o)
    0x0801385a   0x0801385a   0x0000001a   Code   RO         3853    i.fputc             c_w.l(fputc.o)
    0x08013874   0x08013874   0x0000007c   Code   RO         2088    i.frag_map_session  Net_Dbg_CM3_L.lib(net_ip4_frag.o)
    0x080138f0   0x080138f0   0x000000aa   Code   RO         3152    i.frec_allocate     FS_LFN_CM3_L.lib(fs_fat.o)
    0x0801399a   0x0801399a   0x00000058   Code   RO         3153    i.frec_delete       FS_LFN_CM3_L.lib(fs_fat.o)
    0x080139f2   0x080139f2   0x00000028   Code   RO         3154    i.frec_delete_elink  FS_LFN_CM3_L.lib(fs_fat.o)
    0x08013a1a   0x08013a1a   0x00000002   PAD
    0x08013a1c   0x08013a1c   0x0000020c   Code   RO         3155    i.frec_find         FS_LFN_CM3_L.lib(fs_fat.o)
    0x08013c28   0x08013c28   0x0000005a   Code   RO         3156    i.frec_find_elink   FS_LFN_CM3_L.lib(fs_fat.o)
    0x08013c82   0x08013c82   0x00000002   PAD
    0x08013c84   0x08013c84   0x000001ac   Code   RO         3157    i.frec_next         FS_LFN_CM3_L.lib(fs_fat.o)
    0x08013e30   0x08013e30   0x000000a4   Code   RO         1888    i.fs_component_init  FS_LFN_CM3_L.lib(fs_mapi.o)
    0x08013ed4   0x08013ed4   0x0000008c   Code   RO         3074    i.fs_drive_id       FS_LFN_CM3_L.lib(fs_common.o)
    0x08013f60   0x08013f60   0x0000001a   Code   RO         3611    i.fs_get_time       FS_LFN_CM3_L.lib(fs_time.o)
    0x08013f7a   0x08013f7a   0x00000004   Code   RO         1926    i.fs_mc_lock_unlock  FS_LFN_CM3_L.lib(fs_mc_mci.o)
    0x08013f7e   0x08013f7e   0x00000002   PAD
    0x08013f80   0x08013f80   0x00000020   Code   RO         3075    i.fs_set_cdrive     FS_LFN_CM3_L.lib(fs_common.o)
    0x08013fa0   0x08013fa0   0x00000050   Code   RO         3076    i.fs_strmatch       FS_LFN_CM3_L.lib(fs_common.o)
    0x08013ff0   0x08013ff0   0x00000042   Code   RO         3077    i.fs_strncasecmp    FS_LFN_CM3_L.lib(fs_common.o)
    0x08014032   0x08014032   0x00000018   Code   RO         3078    i.fs_strpos         FS_LFN_CM3_L.lib(fs_common.o)
    0x0801404a   0x0801404a   0x00000002   PAD
    0x0801404c   0x0801404c   0x0000007c   Code   RO         3158    i.fsinfo_read       FS_LFN_CM3_L.lib(fs_fat.o)
    0x080140c8   0x080140c8   0x00000060   Code   RO         3159    i.fsinfo_write      FS_LFN_CM3_L.lib(fs_fat.o)
    0x08014128   0x08014128   0x00000022   Code   RO         3160    i.get_EOC           FS_LFN_CM3_L.lib(fs_fat.o)
    0x0801414a   0x0801414a   0x00000002   PAD
    0x0801414c   0x0801414c   0x000000a0   Code   RO         1927    i.get_block_number  FS_LFN_CM3_L.lib(fs_mc_mci.o)
    0x080141ec   0x080141ec   0x00000032   Code   RO         3162    i.get_fat_sect      FS_LFN_CM3_L.lib(fs_fat.o)
    0x0801421e   0x0801421e   0x00000028   Code   RO         2375    i.get_next_field    Net_Dbg_CM3_L.lib(net_http_server.o)
    0x08014246   0x08014246   0x00000032   Code   RO         2376    i.get_next_par      Net_Dbg_CM3_L.lib(net_http_server.o)
    0x08014278   0x08014278   0x00000010   Code   RO         3163    i.get_root_clus     FS_LFN_CM3_L.lib(fs_fat.o)
    0x08014288   0x08014288   0x0000005c   Code   RO         2326    i.get_tout          Net_Dbg_CM3_L.lib(net_dhcp6_client.o)
    0x080142e4   0x080142e4   0x00000010   Code   RO         3079    i.get_u16           FS_LFN_CM3_L.lib(fs_common.o)
    0x080142f4   0x080142f4   0x00000016   Code   RO         3080    i.get_u32           FS_LFN_CM3_L.lib(fs_common.o)
    0x0801430a   0x0801430a   0x00000022   Code   RO         2377    i.hex2byte          Net_Dbg_CM3_L.lib(net_http_server.o)
    0x0801432c   0x0801432c   0x0000033c   Code   RO         2378    i.http_add_header   Net_Dbg_CM3_L.lib(net_http_server.o)
    0x08014668   0x08014668   0x000001b4   Code   RO         2379    i.http_error_msg    Net_Dbg_CM3_L.lib(net_http_server.o)
    0x0801481c   0x0801481c   0x00000078   Code   RO         2380    i.http_get_ftype    Net_Dbg_CM3_L.lib(net_http_server.o)
    0x08014894   0x08014894   0x0000005e   Code   RO         2381    i.http_kill_session  Net_Dbg_CM3_L.lib(net_http_server.o)
    0x080148f2   0x080148f2   0x00000002   PAD
    0x080148f4   0x080148f4   0x000002ac   Code   RO         2382    i.http_listener     Net_Dbg_CM3_L.lib(net_http_server.o)
    0x08014ba0   0x08014ba0   0x00000184   Code   RO         2383    i.http_open_file    Net_Dbg_CM3_L.lib(net_http_server.o)
    0x08014d24   0x08014d24   0x0000017c   Code   RO         2384    i.http_proc_header  Net_Dbg_CM3_L.lib(net_http_server.o)
    0x08014ea0   0x08014ea0   0x000001b8   Code   RO         2385    i.http_proc_multipart  Net_Dbg_CM3_L.lib(net_http_server.o)
    0x08015058   0x08015058   0x00000138   Code   RO         2386    i.http_proc_post    Net_Dbg_CM3_L.lib(net_http_server.o)
    0x08015190   0x08015190   0x00000464   Code   RO         2387    i.http_server_run   Net_Dbg_CM3_L.lib(net_http_server.o)
    0x080155f4   0x080155f4   0x00000060   Code   RO         2388    i.http_server_start  Net_Dbg_CM3_L.lib(net_http_server.o)
    0x08015654   0x08015654   0x00000020   Code   RO         2390    i.http_strcpy       Net_Dbg_CM3_L.lib(net_http_server.o)
    0x08015674   0x08015674   0x000000a4   Code   RO         2391    i.http_to_utc       Net_Dbg_CM3_L.lib(net_http_server.o)
    0x08015718   0x08015718   0x0000000a   Code   RO         3423    i.ip4_get_chksum    Net_Dbg_CM3_L.lib(net_ip4.o)
    0x08015722   0x08015722   0x00000002   PAD
    0x08015724   0x08015724   0x0000001c   Code   RO         3424    i.ip4_get_mtu       Net_Dbg_CM3_L.lib(net_ip4.o)
    0x08015740   0x08015740   0x00000080   Code   RO         3425    i.ip4_get_route     Net_Dbg_CM3_L.lib(net_ip4.o)
    0x080157c0   0x080157c0   0x00000034   Code   RO         2586    i.ip4_ntoa          Net_Dbg_CM3_L.lib(net_addr.o)
    0x080157f4   0x080157f4   0x00000038   Code   RO         3471    i.ip6_get_route     Net_Dbg_CM3_L.lib(net_ip6.o)
    0x0801582c   0x0801582c   0x000000d4   Code   RO         2587    i.ip6_ntoa          Net_Dbg_CM3_L.lib(net_addr.o)
    0x08015900   0x08015900   0x00000024   Code   RO         2288    i.is_selected       Net_Dbg_CM3_L.lib(net_dhcp_client.o)
    0x08015924   0x08015924   0x0000006a   Code   RO         3173    i.label_write       FS_LFN_CM3_L.lib(fs_fat.o)
    0x0801598e   0x0801598e   0x00000002   PAD
    0x08015990   0x08015990   0x00000020   Code   RO         3174    i.lfn_char_cnt      FS_LFN_CM3_L.lib(fs_fat.o)
    0x080159b0   0x080159b0   0x00000004   Code   RO         3175    i.link_clus         FS_LFN_CM3_L.lib(fs_fat.o)
    0x080159b4   0x080159b4   0x00000028   Code   RO         3176    i.long_ent_hash     FS_LFN_CM3_L.lib(fs_fat.o)
    0x080159dc   0x080159dc   0x000000c0   Code   RO         3177    i.mbr_write         FS_LFN_CM3_L.lib(fs_fat.o)
    0x08015a9c   0x08015a9c   0x000000f6   Code   RO         1928    i.mc_control_lock   FS_LFN_CM3_L.lib(fs_mc_mci.o)
    0x08015b92   0x08015b92   0x00000084   Code   RO         1929    i.mc_control_sleep  FS_LFN_CM3_L.lib(fs_mc_mci.o)
    0x08015c16   0x08015c16   0x00000038   Code   RO         1930    i.mc_enable_acmd    FS_LFN_CM3_L.lib(fs_mc_mci.o)
    0x08015c4e   0x08015c4e   0x00000186   Code   RO         1931    i.mc_mci_DevCtrl    FS_LFN_CM3_L.lib(fs_mc_mci.o)
    0x08015dd4   0x08015dd4   0x00000050   Code   RO         1932    i.mc_mci_DrvEvent   FS_LFN_CM3_L.lib(fs_mc_mci.o)
    0x08015e24   0x08015e24   0x000000e0   Code   RO         1933    i.mc_mci_Init       FS_LFN_CM3_L.lib(fs_mc_mci.o)
    0x08015f04   0x08015f04   0x0000001c   Code   RO         1934    i.mc_mci_ReadInfo   FS_LFN_CM3_L.lib(fs_mc_mci.o)
    0x08015f20   0x08015f20   0x000000d0   Code   RO         1935    i.mc_mci_ReadSector  FS_LFN_CM3_L.lib(fs_mc_mci.o)
    0x08015ff0   0x08015ff0   0x00000044   Code   RO         1936    i.mc_mci_UnInit     FS_LFN_CM3_L.lib(fs_mc_mci.o)
    0x08016034   0x08016034   0x000000e4   Code   RO         1937    i.mc_mci_WriteSector  FS_LFN_CM3_L.lib(fs_mc_mci.o)
    0x08016118   0x08016118   0x0000046c   Code   RO         1938    i.mc_native_init    FS_LFN_CM3_L.lib(fs_mc_mci.o)
    0x08016584   0x08016584   0x00000030   Code   RO         1939    i.mc_read_status    FS_LFN_CM3_L.lib(fs_mc_mci.o)
    0x080165b4   0x080165b4   0x000000dc   Code   RO         1940    i.mc_select_bus_width  FS_LFN_CM3_L.lib(fs_mc_mci.o)
    0x08016690   0x08016690   0x0000003e   Code   RO         1941    i.mc_select_deselect  FS_LFN_CM3_L.lib(fs_mc_mci.o)
    0x080166ce   0x080166ce   0x00000002   PAD
    0x080166d0   0x080166d0   0x000000a8   Code   RO         1942    i.mc_select_tran_state  FS_LFN_CM3_L.lib(fs_mc_mci.o)
    0x08016778   0x08016778   0x00000038   Code   RO         1943    i.mc_set_block_len  FS_LFN_CM3_L.lib(fs_mc_mci.o)
    0x080167b0   0x080167b0   0x0000003a   Code   RO         1944    i.mc_sleep_awake    FS_LFN_CM3_L.lib(fs_mc_mci.o)
    0x080167ea   0x080167ea   0x00000030   Code   RO         1945    i.mc_stop_transmission  FS_LFN_CM3_L.lib(fs_mc_mci.o)
    0x0801681a   0x0801681a   0x00000038   Code   RO         1946    i.mc_switch         FS_LFN_CM3_L.lib(fs_mc_mci.o)
    0x08016852   0x08016852   0x00000072   Code   RO         1947    i.mc_switch_func    FS_LFN_CM3_L.lib(fs_mc_mci.o)
    0x080168c4   0x080168c4   0x00000030   Code   RO         1948    i.mc_wfe            FS_LFN_CM3_L.lib(fs_mc_mci.o)
    0x080168f4   0x080168f4   0x0000000a   Code   RO         1949    i.mci_bus_speed     FS_LFN_CM3_L.lib(fs_mc_mci.o)
    0x080168fe   0x080168fe   0x00000016   Code   RO         1950    i.mci_bus_speed_mode  FS_LFN_CM3_L.lib(fs_mc_mci.o)
    0x08016914   0x08016914   0x00000016   Code   RO         1951    i.mci_bus_width     FS_LFN_CM3_L.lib(fs_mc_mci.o)
    0x0801692a   0x0801692a   0x0000003e   Code   RO         1952    i.mci_card_power    FS_LFN_CM3_L.lib(fs_mc_mci.o)
    0x08016968   0x08016968   0x00000016   Code   RO         1953    i.mci_cmd_bus_mode  FS_LFN_CM3_L.lib(fs_mc_mci.o)
    0x0801697e   0x0801697e   0x0000001e   Code   RO         1954    i.mci_data_timeout  FS_LFN_CM3_L.lib(fs_mc_mci.o)
    0x0801699c   0x0801699c   0x00000016   Code   RO         1955    i.mci_idle_clock    FS_LFN_CM3_L.lib(fs_mc_mci.o)
    0x080169b2   0x080169b2   0x00000002   PAD
    0x080169b4   0x080169b4   0x0000000c   Code   RO         2563    i.mem_lock          Net_Dbg_CM3_L.lib(net_mem.o)
    0x080169c0   0x080169c0   0x0000000c   Code   RO         2564    i.mem_unlock        Net_Dbg_CM3_L.lib(net_mem.o)
    0x080169cc   0x080169cc   0x000000b0   Code   RO         3178    i.name_analyse      FS_LFN_CM3_L.lib(fs_fat.o)
    0x08016a7c   0x08016a7c   0x000000b4   Code   RO         3179    i.name_basis_gen    FS_LFN_CM3_L.lib(fs_fat.o)
    0x08016b30   0x08016b30   0x00000008   Code   RO         3180    i.name_hash         FS_LFN_CM3_L.lib(fs_fat.o)
    0x08016b38   0x08016b38   0x00000128   Code   RO         3181    i.name_nt_gen       FS_LFN_CM3_L.lib(fs_fat.o)
    0x08016c60   0x08016c60   0x00000052   Code   RO         3182    i.name_strip        FS_LFN_CM3_L.lib(fs_fat.o)
    0x08016cb2   0x08016cb2   0x0000001e   Code   RO         3183    i.name_validate     FS_LFN_CM3_L.lib(fs_fat.o)
    0x08016cd0   0x08016cd0   0x000001bc   Code   RO         2357    i.nbns_listener     Net_Dbg_CM3_L.lib(net_nbns_client.o)
    0x08016e8c   0x08016e8c   0x000000fc   Code   RO         3365    i.ndp_cache_add     Net_Dbg_CM3_L.lib(net_ndp.o)
    0x08016f88   0x08016f88   0x00000088   Code   RO         3366    i.ndp_cache_alloc   Net_Dbg_CM3_L.lib(net_ndp.o)
    0x08017010   0x08017010   0x0000006c   Code   RO         3367    i.ndp_cache_delete  Net_Dbg_CM3_L.lib(net_ndp.o)
    0x0801707c   0x0801707c   0x0000002c   Code   RO         3368    i.ndp_check_frame   Net_Dbg_CM3_L.lib(net_ndp.o)
    0x080170a8   0x080170a8   0x0000005c   Code   RO         3369    i.ndp_is_onlink     Net_Dbg_CM3_L.lib(net_ndp.o)
    0x08017104   0x08017104   0x00000012   Code   RO         3370    i.ndp_next_opt      Net_Dbg_CM3_L.lib(net_ndp.o)
    0x08017116   0x08017116   0x00000002   PAD
    0x08017118   0x08017118   0x000000d0   Code   RO         3371    i.ndp_prefix_add    Net_Dbg_CM3_L.lib(net_ndp.o)
    0x080171e8   0x080171e8   0x0000005c   Code   RO         3372    i.ndp_probe_run     Net_Dbg_CM3_L.lib(net_ndp.o)
    0x08017244   0x08017244   0x000000b0   Code   RO         3373    i.ndp_proc_response  Net_Dbg_CM3_L.lib(net_ndp.o)
    0x080172f4   0x080172f4   0x0000003c   Code   RO         3374    i.ndp_router_remove  Net_Dbg_CM3_L.lib(net_ndp.o)
    0x08017330   0x08017330   0x00000084   Code   RO         3375    i.ndp_send_reply    Net_Dbg_CM3_L.lib(net_ndp.o)
    0x080173b4   0x080173b4   0x000000a4   Code   RO         3376    i.ndp_send_request  Net_Dbg_CM3_L.lib(net_ndp.o)
    0x08017458   0x08017458   0x0000010c   Code   RO         3377    i.ndp_slaac_run     Net_Dbg_CM3_L.lib(net_ndp.o)
    0x08017564   0x08017564   0x00000004   Code   RO         2392    i.netCGI_Charset    Net_Dbg_CM3_L.lib(net_http_server.o)
    0x08017568   0x08017568   0x00000004   Code   RO         2393    i.netCGI_ContentType  Net_Dbg_CM3_L.lib(net_http_server.o)
    0x0801756c   0x0801756c   0x0000006c   Code   RO         2394    i.netCGI_GetEnvVar  Net_Dbg_CM3_L.lib(net_http_server.o)
    0x080175d8   0x080175d8   0x00000004   Code   RO         2397    i.netCGI_Redirect   Net_Dbg_CM3_L.lib(net_http_server.o)
    0x080175dc   0x080175dc   0x00000004   Code   RO         2399    i.netCGX_ContentType  Net_Dbg_CM3_L.lib(net_http_server.o)
    0x080175e0   0x080175e0   0x00000058   Code   RO         2517    i.netCore_Thread    Net_Dbg_CM3_L.lib(net_sys.o)
    0x08017638   0x08017638   0x00000002   Code   RO         2329    i.netDHCP6_Notify   Net_Dbg_CM3_L.lib(net_dhcp6_client.o)
    0x0801763a   0x0801763a   0x00000002   Code   RO         2028    i.netETH_Notify     Net_Dbg_CM3_L.lib(net_eth.o)
    0x0801763c   0x0801763c   0x00000002   Code   RO         2029    i.netETH_ReceiveRaw  Net_Dbg_CM3_L.lib(net_eth.o)
    0x0801763e   0x0801763e   0x00000002   PAD
    0x08017640   0x08017640   0x0000003c   Code   RO         2031    i.netETH_Thread     Net_Dbg_CM3_L.lib(net_eth.o)
    0x0801767c   0x0801767c   0x00000004   Code   RO         2400    i.netHTTPs_AcceptClient  Net_Dbg_CM3_L.lib(net_http_server.o)
    0x08017680   0x08017680   0x00000004   Code   RO         2401    i.netHTTPs_CheckAccount  Net_Dbg_CM3_L.lib(net_http_server.o)
    0x08017684   0x08017684   0x00000004   Code   RO         2402    i.netHTTPs_FileAccess  Net_Dbg_CM3_L.lib(net_http_server.o)
    0x08017688   0x08017688   0x0000007c   Code   RO         2518    i.netIF_GetOption   Net_Dbg_CM3_L.lib(net_sys.o)
    0x08017704   0x08017704   0x00000032   Code   RO         2590    i.netIP_ntoa        Net_Dbg_CM3_L.lib(net_addr.o)
    0x08017736   0x08017736   0x00000002   PAD
    0x08017738   0x08017738   0x000000ac   Code   RO         2521    i.netInitialize     Net_Dbg_CM3_L.lib(net_sys.o)
    0x080177e4   0x080177e4   0x0000007c   Code   RO         2591    i.netMAC_aton       Net_Dbg_CM3_L.lib(net_addr.o)
    0x08017860   0x08017860   0x00000068   Code   RO         2593    i.net_addr4_aton    Net_Dbg_CM3_L.lib(net_addr.o)
    0x080178c8   0x080178c8   0x0000001a   Code   RO         2594    i.net_addr4_is_subnet  Net_Dbg_CM3_L.lib(net_addr.o)
    0x080178e2   0x080178e2   0x00000002   PAD
    0x080178e4   0x080178e4   0x000000f4   Code   RO         2596    i.net_addr6_aton    Net_Dbg_CM3_L.lib(net_addr.o)
    0x080179d8   0x080179d8   0x00000028   Code   RO         2597    i.net_addr6_comp    Net_Dbg_CM3_L.lib(net_addr.o)
    0x08017a00   0x08017a00   0x00000012   Code   RO         2598    i.net_addr6_copy    Net_Dbg_CM3_L.lib(net_addr.o)
    0x08017a12   0x08017a12   0x00000002   PAD
    0x08017a14   0x08017a14   0x0000004c   Code   RO         2599    i.net_addr6_create  Net_Dbg_CM3_L.lib(net_addr.o)
    0x08017a60   0x08017a60   0x0000002c   Code   RO         2600    i.net_addr6_get_solicited  Net_Dbg_CM3_L.lib(net_addr.o)
    0x08017a8c   0x08017a8c   0x00000018   Code   RO         2601    i.net_addr6_is_linklocal  Net_Dbg_CM3_L.lib(net_addr.o)
    0x08017aa4   0x08017aa4   0x0000006c   Code   RO         2602    i.net_addr6_is_onlink  Net_Dbg_CM3_L.lib(net_addr.o)
    0x08017b10   0x08017b10   0x00000048   Code   RO         2603    i.net_addr6_is_solicited  Net_Dbg_CM3_L.lib(net_addr.o)
    0x08017b58   0x08017b58   0x00000018   Code   RO         2604    i.net_addr6_is_unspec  Net_Dbg_CM3_L.lib(net_addr.o)
    0x08017b70   0x08017b70   0x0000000e   Code   RO         2609    i.net_addr_get_local  Net_Dbg_CM3_L.lib(net_addr.o)
    0x08017b7e   0x08017b7e   0x00000022   Code   RO         2610    i.net_addr_is_unspec  Net_Dbg_CM3_L.lib(net_addr.o)
    0x08017ba0   0x08017ba0   0x00000110   Code   RO         3322    i.net_arp_cache_add  Net_Dbg_CM3_L.lib(net_arp.o)
    0x08017cb0   0x08017cb0   0x000000c4   Code   RO         3323    i.net_arp_cache_early  Net_Dbg_CM3_L.lib(net_arp.o)
    0x08017d74   0x08017d74   0x000000d8   Code   RO         3324    i.net_arp_cache_find  Net_Dbg_CM3_L.lib(net_arp.o)
    0x08017e4c   0x08017e4c   0x00000078   Code   RO         3325    i.net_arp_enqueue   Net_Dbg_CM3_L.lib(net_arp.o)
    0x08017ec4   0x08017ec4   0x00000044   Code   RO         3327    i.net_arp_init      Net_Dbg_CM3_L.lib(net_arp.o)
    0x08017f08   0x08017f08   0x00000030   Code   RO         3328    i.net_arp_notify    Net_Dbg_CM3_L.lib(net_arp.o)
    0x08017f38   0x08017f38   0x00000014   Code   RO         3329    i.net_arp_probe     Net_Dbg_CM3_L.lib(net_arp.o)
    0x08017f4c   0x08017f4c   0x000001f0   Code   RO         3330    i.net_arp_process   Net_Dbg_CM3_L.lib(net_arp.o)
    0x0801813c   0x0801813c   0x00000168   Code   RO         3331    i.net_arp_run       Net_Dbg_CM3_L.lib(net_arp.o)
    0x080182a4   0x080182a4   0x00000078   Code   RO         3546    i.net_base64_decode  Net_Dbg_CM3_L.lib(net_base64.o)
    0x0801831c   0x0801831c   0x00000018   Code   RO         3523    i.net_crc32_buf     Net_Dbg_CM3_L.lib(net_common.o)
    0x08018334   0x08018334   0x00000070   Code   RO         2330    i.net_dhcp6_client_init  Net_Dbg_CM3_L.lib(net_dhcp6_client.o)
    0x080183a4   0x080183a4   0x000002b0   Code   RO         2331    i.net_dhcp6_client_run  Net_Dbg_CM3_L.lib(net_dhcp6_client.o)
    0x08018654   0x08018654   0x00000064   Code   RO         2293    i.net_dhcp_client_init  Net_Dbg_CM3_L.lib(net_dhcp_client.o)
    0x080186b8   0x080186b8   0x00000310   Code   RO         2294    i.net_dhcp_client_run  Net_Dbg_CM3_L.lib(net_dhcp_client.o)
    0x080189c8   0x080189c8   0x000000d4   Code   RO         2033    i.net_eth_get_option  Net_Dbg_CM3_L.lib(net_eth.o)
    0x08018a9c   0x08018a9c   0x00000288   Code   RO         2034    i.net_eth_iface_init  Net_Dbg_CM3_L.lib(net_eth.o)
    0x08018d24   0x08018d24   0x0000020c   Code   RO         2035    i.net_eth_iface_run  Net_Dbg_CM3_L.lib(net_eth.o)
    0x08018f30   0x08018f30   0x00000020   Code   RO         2037    i.net_eth_is_my_addr  Net_Dbg_CM3_L.lib(net_eth.o)
    0x08018f50   0x08018f50   0x0000003c   Code   RO         2038    i.net_eth_output    Net_Dbg_CM3_L.lib(net_eth.o)
    0x08018f8c   0x08018f8c   0x00000160   Code   RO         2039    i.net_eth_send_frame  Net_Dbg_CM3_L.lib(net_eth.o)
    0x080190ec   0x080190ec   0x00000108   Code   RO         2041    i.net_eth_update_filter  Net_Dbg_CM3_L.lib(net_eth.o)
    0x080191f4   0x080191f4   0x000000e4   Code   RO         2421    i.net_http_server_init  Net_Dbg_CM3_L.lib(net_http_server.o)
    0x080192d8   0x080192d8   0x00000014   Code   RO         2422    i.net_http_server_run  Net_Dbg_CM3_L.lib(net_http_server.o)
    0x080192ec   0x080192ec   0x00000074   Code   RO         2424    i.net_http_time     Net_Dbg_CM3_L.lib(net_http_server.o)
    0x08019360   0x08019360   0x000001d8   Code   RO         3502    i.net_icmp6_process  Net_Dbg_CM3_L.lib(net_icmp6.o)
    0x08019538   0x08019538   0x0000006c   Code   RO         3503    i.net_icmp6_send    Net_Dbg_CM3_L.lib(net_icmp6.o)
    0x080195a4   0x080195a4   0x00000050   Code   RO         3504    i.net_icmp6_send_echo  Net_Dbg_CM3_L.lib(net_icmp6.o)
    0x080195f4   0x080195f4   0x00000194   Code   RO         3461    i.net_icmp_process  Net_Dbg_CM3_L.lib(net_icmp.o)
    0x08019788   0x08019788   0x00000090   Code   RO         3462    i.net_icmp_send_echo  Net_Dbg_CM3_L.lib(net_icmp.o)
    0x08019818   0x08019818   0x0000004c   Code   RO         3426    i.net_ip4_checksum  Net_Dbg_CM3_L.lib(net_ip4.o)
    0x08019864   0x08019864   0x00000168   Code   RO         3427    i.net_ip4_chk_frame  Net_Dbg_CM3_L.lib(net_ip4.o)
    0x080199cc   0x080199cc   0x00000032   Code   RO         3428    i.net_ip4_chksum_buf  Net_Dbg_CM3_L.lib(net_ip4.o)
    0x080199fe   0x080199fe   0x00000002   PAD
    0x08019a00   0x08019a00   0x00000124   Code   RO         2089    i.net_ip4_frag_add  Net_Dbg_CM3_L.lib(net_ip4_frag.o)
    0x08019b24   0x08019b24   0x000000ac   Code   RO         2090    i.net_ip4_frag_get  Net_Dbg_CM3_L.lib(net_ip4_frag.o)
    0x08019bd0   0x08019bd0   0x00000010   Code   RO         2091    i.net_ip4_frag_init  Net_Dbg_CM3_L.lib(net_ip4_frag.o)
    0x08019be0   0x08019be0   0x0000003c   Code   RO         2092    i.net_ip4_frag_run  Net_Dbg_CM3_L.lib(net_ip4_frag.o)
    0x08019c1c   0x08019c1c   0x00000044   Code   RO         3430    i.net_ip4_get_local  Net_Dbg_CM3_L.lib(net_ip4.o)
    0x08019c60   0x08019c60   0x00000054   Code   RO         3431    i.net_ip4_init      Net_Dbg_CM3_L.lib(net_ip4.o)
    0x08019cb4   0x08019cb4   0x0000002c   Code   RO         3432    i.net_ip4_is_subcast  Net_Dbg_CM3_L.lib(net_ip4.o)
    0x08019ce0   0x08019ce0   0x00000010   Code   RO         3433    i.net_ip4_reass_frame  Net_Dbg_CM3_L.lib(net_ip4.o)
    0x08019cf0   0x08019cf0   0x00000184   Code   RO         3434    i.net_ip4_send_frame  Net_Dbg_CM3_L.lib(net_ip4.o)
    0x08019e74   0x08019e74   0x00000058   Code   RO         3436    i.net_ip4_tx_offload  Net_Dbg_CM3_L.lib(net_ip4.o)
    0x08019ecc   0x08019ecc   0x00000052   Code   RO         3472    i.net_ip6_checksum  Net_Dbg_CM3_L.lib(net_ip6.o)
    0x08019f1e   0x08019f1e   0x00000002   PAD
    0x08019f20   0x08019f20   0x000000e8   Code   RO         3473    i.net_ip6_chk_frame  Net_Dbg_CM3_L.lib(net_ip6.o)
    0x0801a008   0x0801a008   0x0000005c   Code   RO         3475    i.net_ip6_get_local  Net_Dbg_CM3_L.lib(net_ip6.o)
    0x0801a064   0x0801a064   0x00000040   Code   RO         3476    i.net_ip6_init      Net_Dbg_CM3_L.lib(net_ip6.o)
    0x0801a0a4   0x0801a0a4   0x00000100   Code   RO         3477    i.net_ip6_send_frame  Net_Dbg_CM3_L.lib(net_ip6.o)
    0x0801a1a4   0x0801a1a4   0x0000000c   Code   RO         3479    i.net_ip6_tx_netif  Net_Dbg_CM3_L.lib(net_ip6.o)
    0x0801a1b0   0x0801a1b0   0x00000030   Code   RO         3480    i.net_ip6_tx_offload  Net_Dbg_CM3_L.lib(net_ip6.o)
    0x0801a1e0   0x0801a1e0   0x00000038   Code   RO         2073    i.net_loop_iface_init  Net_Dbg_CM3_L.lib(net_loopback.o)
    0x0801a218   0x0801a218   0x000000a4   Code   RO         2074    i.net_loop_iface_run  Net_Dbg_CM3_L.lib(net_loopback.o)
    0x0801a2bc   0x0801a2bc   0x00000068   Code   RO         2076    i.net_loop_send_frame  Net_Dbg_CM3_L.lib(net_loopback.o)
    0x0801a324   0x0801a324   0x000000b8   Code   RO         2565    i.net_mem_alloc     Net_Dbg_CM3_L.lib(net_mem.o)
    0x0801a3dc   0x0801a3dc   0x0000001c   Code   RO         2566    i.net_mem_avail     Net_Dbg_CM3_L.lib(net_mem.o)
    0x0801a3f8   0x0801a3f8   0x00000094   Code   RO         2567    i.net_mem_free      Net_Dbg_CM3_L.lib(net_mem.o)
    0x0801a48c   0x0801a48c   0x00000070   Code   RO         2568    i.net_mem_init      Net_Dbg_CM3_L.lib(net_mem.o)
    0x0801a4fc   0x0801a4fc   0x00000044   Code   RO         2569    i.net_mem_shrink    Net_Dbg_CM3_L.lib(net_mem.o)
    0x0801a540   0x0801a540   0x00000048   Code   RO         2358    i.net_nbns_client_init  Net_Dbg_CM3_L.lib(net_nbns_client.o)
    0x0801a588   0x0801a588   0x000000f0   Code   RO         3382    i.net_ndp_cache_find  Net_Dbg_CM3_L.lib(net_ndp.o)
    0x0801a678   0x0801a678   0x00000078   Code   RO         3384    i.net_ndp_cache_refresh  Net_Dbg_CM3_L.lib(net_ndp.o)
    0x0801a6f0   0x0801a6f0   0x00000060   Code   RO         3386    i.net_ndp_init      Net_Dbg_CM3_L.lib(net_ndp.o)
    0x0801a750   0x0801a750   0x000002ac   Code   RO         3387    i.net_ndp_process   Net_Dbg_CM3_L.lib(net_ndp.o)
    0x0801a9fc   0x0801a9fc   0x00000144   Code   RO         3388    i.net_ndp_run       Net_Dbg_CM3_L.lib(net_ndp.o)
    0x0801ab40   0x0801ab40   0x00000034   Code   RO         2525    i.net_path          Net_Dbg_CM3_L.lib(net_sys.o)
    0x0801ab74   0x0801ab74   0x00000020   Code   RO         2497    i.net_ping_client_init  Net_Dbg_CM3_L.lib(net_ping_core.o)
    0x0801ab94   0x0801ab94   0x0000007c   Code   RO         2498    i.net_ping_client_run  Net_Dbg_CM3_L.lib(net_ping_core.o)
    0x0801ac10   0x0801ac10   0x0000001c   Code   RO         2526    i.net_rand32        Net_Dbg_CM3_L.lib(net_sys.o)
    0x0801ac2c   0x0801ac2c   0x00000016   Code   RO         3525    i.net_strchr        Net_Dbg_CM3_L.lib(net_common.o)
    0x0801ac42   0x0801ac42   0x0000001a   Code   RO         3526    i.net_strcmp        Net_Dbg_CM3_L.lib(net_common.o)
    0x0801ac5c   0x0801ac5c   0x00000012   Code   RO         3527    i.net_strcpy        Net_Dbg_CM3_L.lib(net_common.o)
    0x0801ac6e   0x0801ac6e   0x00000020   Code   RO         3530    i.net_strtoupper    Net_Dbg_CM3_L.lib(net_common.o)
    0x0801ac8e   0x0801ac8e   0x00000002   PAD
    0x0801ac90   0x0801ac90   0x0000000c   Code   RO         2527    i.net_sys_lock      Net_Dbg_CM3_L.lib(net_sys.o)
    0x0801ac9c   0x0801ac9c   0x00000014   Code   RO         2530    i.net_sys_tick      Net_Dbg_CM3_L.lib(net_sys.o)
    0x0801acb0   0x0801acb0   0x0000000c   Code   RO         2531    i.net_sys_unlock    Net_Dbg_CM3_L.lib(net_sys.o)
    0x0801acbc   0x0801acbc   0x00000020   Code   RO         2533    i.net_sys_wakeup    Net_Dbg_CM3_L.lib(net_sys.o)
    0x0801acdc   0x0801acdc   0x00000084   Code   RO         2179    i.net_tcp_abort     Net_Dbg_CM3_L.lib(net_tcp.o)
    0x0801ad60   0x0801ad60   0x000000e4   Code   RO         2182    i.net_tcp_close     Net_Dbg_CM3_L.lib(net_tcp.o)
    0x0801ae44   0x0801ae44   0x0000002e   Code   RO         2186    i.net_tcp_get_buf   Net_Dbg_CM3_L.lib(net_tcp.o)
    0x0801ae72   0x0801ae72   0x00000002   PAD
    0x0801ae74   0x0801ae74   0x00000028   Code   RO         2188    i.net_tcp_get_mss   Net_Dbg_CM3_L.lib(net_tcp.o)
    0x0801ae9c   0x0801ae9c   0x00000074   Code   RO         2191    i.net_tcp_get_socket  Net_Dbg_CM3_L.lib(net_tcp.o)
    0x0801af10   0x0801af10   0x0000002c   Code   RO         2192    i.net_tcp_get_state  Net_Dbg_CM3_L.lib(net_tcp.o)
    0x0801af3c   0x0801af3c   0x000000b0   Code   RO         2194    i.net_tcp_listen    Net_Dbg_CM3_L.lib(net_tcp.o)
    0x0801afec   0x0801afec   0x00000778   Code   RO         2196    i.net_tcp_process   Net_Dbg_CM3_L.lib(net_tcp.o)
    0x0801b764   0x0801b764   0x0000015c   Code   RO         2200    i.net_tcp_send      Net_Dbg_CM3_L.lib(net_tcp.o)
    0x0801b8c0   0x0801b8c0   0x00000128   Code   RO         2202    i.net_tcp_set_option  Net_Dbg_CM3_L.lib(net_tcp.o)
    0x0801b9e8   0x0801b9e8   0x00000028   Code   RO         2203    i.net_tcp_socket_init  Net_Dbg_CM3_L.lib(net_tcp.o)
    0x0801ba10   0x0801ba10   0x000003ac   Code   RO         2204    i.net_tcp_socket_run  Net_Dbg_CM3_L.lib(net_tcp.o)
    0x0801bdbc   0x0801bdbc   0x0000002e   Code   RO         2119    i.net_udp_get_buf   Net_Dbg_CM3_L.lib(net_udp.o)
    0x0801bdea   0x0801bdea   0x00000002   PAD
    0x0801bdec   0x0801bdec   0x00000074   Code   RO         2122    i.net_udp_get_socket  Net_Dbg_CM3_L.lib(net_udp.o)
    0x0801be60   0x0801be60   0x000000a8   Code   RO         2124    i.net_udp_open      Net_Dbg_CM3_L.lib(net_udp.o)
    0x0801bf08   0x0801bf08   0x00000130   Code   RO         2125    i.net_udp_process   Net_Dbg_CM3_L.lib(net_udp.o)
    0x0801c038   0x0801c038   0x000001dc   Code   RO         2127    i.net_udp_send      Net_Dbg_CM3_L.lib(net_udp.o)
    0x0801c214   0x0801c214   0x00000028   Code   RO         2129    i.net_udp_socket_init  Net_Dbg_CM3_L.lib(net_udp.o)
    0x0801c23c   0x0801c23c   0x0000022e   Code   RO         3184    i.path_create       FS_LFN_CM3_L.lib(fs_fat.o)
    0x0801c46a   0x0801c46a   0x00000002   PAD
    0x0801c46c   0x0801c46c   0x00000032   Code   RO         3185    i.path_init         FS_LFN_CM3_L.lib(fs_fat.o)
    0x0801c49e   0x0801c49e   0x000000a6   Code   RO         3186    i.path_open         FS_LFN_CM3_L.lib(fs_fat.o)
    0x0801c544   0x0801c544   0x00000046   Code   RO         3187    i.path_validate     FS_LFN_CM3_L.lib(fs_fat.o)
    0x0801c58a   0x0801c58a   0x00000002   PAD
    0x0801c58c   0x0801c58c   0x0000001c   Code   RO         2501    i.ping_send_req     Net_Dbg_CM3_L.lib(net_ping_core.o)
    0x0801c5a8   0x0801c5a8   0x000000f4   Code   RO         2333    i.proc_opt_ia_na    Net_Dbg_CM3_L.lib(net_dhcp6_client.o)
    0x0801c69c   0x0801c69c   0x000000bc   Code   RO         2296    i.proc_opt_renew    Net_Dbg_CM3_L.lib(net_dhcp_client.o)
    0x0801c758   0x0801c758   0x00000150   Code   RO         2297    i.proc_opt_req      Net_Dbg_CM3_L.lib(net_dhcp_client.o)
    0x0801c8a8   0x0801c8a8   0x00000040   Code   RO         2298    i.proc_opt_sel      Net_Dbg_CM3_L.lib(net_dhcp_client.o)
    0x0801c8e8   0x0801c8e8   0x00000058   Code   RO         2425    i.proc_req_line     Net_Dbg_CM3_L.lib(net_http_server.o)
    0x0801c940   0x0801c940   0x0000001a   Code   RO         2094    i.que_free_list     Net_Dbg_CM3_L.lib(net_ip4_frag.o)
    0x0801c95a   0x0801c95a   0x0000007a   Code   RO         3188    i.read_cache        FS_LFN_CM3_L.lib(fs_fat.o)
    0x0801c9d4   0x0801c9d4   0x000000a0   Code   RO         2426    i.read_script_line  Net_Dbg_CM3_L.lib(net_http_server.o)
    0x0801ca74   0x0801ca74   0x00000052   Code   RO         3189    i.read_sector       FS_LFN_CM3_L.lib(fs_fat.o)
    0x0801cac6   0x0801cac6   0x00000048   Code   RO         2427    i.search_delim      Net_Dbg_CM3_L.lib(net_http_server.o)
    0x0801cb0e   0x0801cb0e   0x00000002   PAD
    0x0801cb10   0x0801cb10   0x00000070   Code   RO         2334    i.select_server     Net_Dbg_CM3_L.lib(net_dhcp6_client.o)
    0x0801cb80   0x0801cb80   0x00000008   Code   RO         3081    i.set_u16           FS_LFN_CM3_L.lib(fs_common.o)
    0x0801cb88   0x0801cb88   0x00000010   Code   RO         3082    i.set_u32           FS_LFN_CM3_L.lib(fs_common.o)
    0x0801cb98   0x0801cb98   0x00000048   Code   RO         3190    i.sfn_extract       FS_LFN_CM3_L.lib(fs_fat.o)
    0x0801cbe0   0x0801cbe0   0x0000001a   Code   RO         3191    i.short_ent_hash    FS_LFN_CM3_L.lib(fs_fat.o)
    0x0801cbfa   0x0801cbfa   0x0000001e   Code   RO         3192    i.sn_chksum         FS_LFN_CM3_L.lib(fs_fat.o)
    0x0801cc18   0x0801cc18   0x0000004c   Code   RO         2534    i.sys_proc_tick     Net_Dbg_CM3_L.lib(net_sys.o)
    0x0801cc64   0x0801cc64   0x00000104   Code   RO         2206    i.tcp_map_socket    Net_Dbg_CM3_L.lib(net_tcp.o)
    0x0801cd68   0x0801cd68   0x00000080   Code   RO         2207    i.tcp_parse_opt     Net_Dbg_CM3_L.lib(net_tcp.o)
    0x0801cde8   0x0801cde8   0x0000011c   Code   RO         2208    i.tcp_proc_acknr    Net_Dbg_CM3_L.lib(net_tcp.o)
    0x0801cf04   0x0801cf04   0x000000a0   Code   RO         2209    i.tcp_proc_dupack   Net_Dbg_CM3_L.lib(net_tcp.o)
    0x0801cfa4   0x0801cfa4   0x0000001a   Code   RO         2210    i.tcp_que_free      Net_Dbg_CM3_L.lib(net_tcp.o)
    0x0801cfbe   0x0801cfbe   0x0000001a   Code   RO         2211    i.tcp_que_init      Net_Dbg_CM3_L.lib(net_tcp.o)
    0x0801cfd8   0x0801cfd8   0x000000b4   Code   RO         2212    i.tcp_que_resend    Net_Dbg_CM3_L.lib(net_tcp.o)
    0x0801d08c   0x0801d08c   0x0000008c   Code   RO         2213    i.tcp_send_ctrl     Net_Dbg_CM3_L.lib(net_tcp.o)
    0x0801d118   0x0801d118   0x00000078   Code   RO         2214    i.tcp_send_data     Net_Dbg_CM3_L.lib(net_tcp.o)
    0x0801d190   0x0801d190   0x00000084   Code   RO         2215    i.tcp_send_reset    Net_Dbg_CM3_L.lib(net_tcp.o)
    0x0801d214   0x0801d214   0x0000003c   Code   RO         2216    i.tcp_set_cwnd      Net_Dbg_CM3_L.lib(net_tcp.o)
    0x0801d250   0x0801d250   0x00000074   Code   RO         2217    i.tcp_transit       Net_Dbg_CM3_L.lib(net_tcp.o)
    0x0801d2c4   0x0801d2c4   0x000000fc   Code   RO         2218    i.tcp_write         Net_Dbg_CM3_L.lib(net_tcp.o)
    0x0801d3c0   0x0801d3c0   0x0000002c   Code   RO         2131    i.udp_port_in_use   Net_Dbg_CM3_L.lib(net_udp.o)
    0x0801d3ec   0x0801d3ec   0x00000068   Code   RO         3194    i.unlink_clus       FS_LFN_CM3_L.lib(fs_fat.o)
    0x0801d454   0x0801d454   0x000000f0   Code   RO         2428    i.utc_to_http       Net_Dbg_CM3_L.lib(net_http_server.o)
    0x0801d544   0x0801d544   0x000000ae   Code   RO         3195    i.write_cache       FS_LFN_CM3_L.lib(fs_fat.o)
    0x0801d5f2   0x0801d5f2   0x00000030   Code   RO         3196    i.write_sector      FS_LFN_CM3_L.lib(fs_fat.o)
    0x0801d622   0x0801d622   0x00000002   PAD
    0x0801d624   0x0801d624   0x0000002c   Code   RO         4051    locale$$code        c_w.l(lc_ctype_c.o)
    0x0801d650   0x0801d650   0x0000000a   Code   RO         4078    x$fpl$fpinit        fz_wm.l(fpinit.o)
    0x0801d65a   0x0801d65a   0x00000002   PAD
    0x0801d65c   0x0801d65c   0x00000024   Data   RO          170    .constdata          http_upload.o
    0x0801d680   0x0801d680   0x00000004   Data   RO          247    .constdata          web.o
    0x0801d684   0x0801d684   0x00003267   Data   RO          248    .constdata          web.o
    0x080208eb   0x080208eb   0x00000001   PAD
    0x080208ec   0x080208ec   0x00000060   Data   RO          249    .constdata          web.o
    0x0802094c   0x0802094c   0x00001500   Data   RO          364    .constdata          glcd_fonts.o
    0x08021e4c   0x08021e4c   0x00000010   Data   RO          366    .constdata          glcd_fonts.o
    0x08021e5c   0x08021e5c   0x00000008   Data   RO          379    .constdata          led_746g_discovery.o
    0x08021e64   0x08021e64   0x00000024   Data   RO          416    .constdata          rtx_lib.o
    0x08021e88   0x08021e88   0x00000024   Data   RO          417    .constdata          rtx_lib.o
    0x08021eac   0x08021eac   0x00000018   Data   RO          418    .constdata          rtx_lib.o
    0x08021ec4   0x08021ec4   0x00000004   Data   RO          419    .constdata          rtx_lib.o
    0x08021ec8   0x08021ec8   0x00000004   Data   RO          488    .constdata          phy_lan8742a.o
    0x08021ecc   0x08021ecc   0x00000020   Data   RO          489    .constdata          phy_lan8742a.o
    0x08021eec   0x08021eec   0x00000050   Data   RO          520    .constdata          emac_stm32f7xx.o
    0x08021f3c   0x08021f3c   0x00000044   Data   RO          521    .constdata          emac_stm32f7xx.o
    0x08021f80   0x08021f80   0x00000010   Data   RO          573    .constdata          mci_stm32f7xx.o
    0x08021f90   0x08021f90   0x00000060   Data   RO          574    .constdata          mci_stm32f7xx.o
    0x08021ff0   0x08021ff0   0x00000018   Data   RO          575    .constdata          mci_stm32f7xx.o
    0x08022008   0x08022008   0x00000018   Data   RO          576    .constdata          mci_stm32f7xx.o
    0x08022020   0x08022020   0x00000028   Data   RO          577    .constdata          mci_stm32f7xx.o
    0x08022048   0x08022048   0x00000034   Data   RO          578    .constdata          mci_stm32f7xx.o
    0x0802207c   0x0802207c   0x00000008   Data   RO          690    .constdata          usbh_fs_stm32f7xx.o
    0x08022084   0x08022084   0x00000048   Data   RO          691    .constdata          usbh_fs_stm32f7xx.o
    0x080220cc   0x080220cc   0x00000008   Data   RO          728    .constdata          usbh_hs_stm32f7xx.o
    0x080220d4   0x080220d4   0x00000048   Data   RO          729    .constdata          usbh_hs_stm32f7xx.o
    0x0802211c   0x0802211c   0x00000018   Data   RO          763    .constdata          eventrecorder.o
    0x08022134   0x08022134   0x00000007   Data   RO          796    .constdata          retarget_io.o
    0x0802213b   0x0802213b   0x00000008   Data   RO          797    .constdata          retarget_io.o
    0x08022143   0x08022143   0x00000008   Data   RO          798    .constdata          retarget_io.o
    0x0802214b   0x0802214b   0x00000008   Data   RO          897    .constdata          stm32f7xx_hal_dma.o
    0x08022153   0x08022153   0x00000010   Data   RO         1187    .constdata          system_stm32f7xx.o
    0x08022163   0x08022163   0x00000008   Data   RO         1188    .constdata          system_stm32f7xx.o
    0x0802216b   0x0802216b   0x00000001   Data   RO         1221    .constdata          fs_config.o
    0x0802216c   0x0802216c   0x00000001   Data   RO         1222    .constdata          fs_config.o
    0x0802216d   0x0802216d   0x00000001   Data   RO         1223    .constdata          fs_config.o
    0x0802216e   0x0802216e   0x00000002   PAD
    0x08022170   0x08022170   0x00000028   Data   RO         1224    .constdata          fs_config.o
    0x08022198   0x08022198   0x00000008   Data   RO         1225    .constdata          fs_config.o
    0x080221a0   0x080221a0   0x00000078   Data   RO         1306    .constdata          net_config.o
    0x08022218   0x08022218   0x00000014   Data   RO         1307    .constdata          net_config.o
    0x0802222c   0x0802222c   0x0000000c   Data   RO         1308    .constdata          net_config.o
    0x08022238   0x08022238   0x00000034   Data   RO         1310    .constdata          net_config.o
    0x0802226c   0x0802226c   0x00000028   Data   RO         1311    .constdata          net_config.o
    0x08022294   0x08022294   0x00000018   Data   RO         1312    .constdata          net_config.o
    0x080222ac   0x080222ac   0x0000000c   Data   RO         1313    .constdata          net_config.o
    0x080222b8   0x080222b8   0x0000000c   Data   RO         1314    .constdata          net_config.o
    0x080222c4   0x080222c4   0x00000008   Data   RO         1315    .constdata          net_config.o
    0x080222cc   0x080222cc   0x00000008   Data   RO         1316    .constdata          net_config.o
    0x080222d4   0x080222d4   0x00000014   Data   RO         1317    .constdata          net_config.o
    0x080222e8   0x080222e8   0x00000028   Data   RO         1318    .constdata          net_config.o
    0x08022310   0x08022310   0x00000058   Data   RO         1319    .constdata          net_config.o
    0x08022368   0x08022368   0x00000004   Data   RO         1371    .constdata          usbh_config_0.o
    0x0802236c   0x0802236c   0x00000001   Data   RO         1373    .constdata          usbh_config_0.o
    0x0802236d   0x0802236d   0x00000001   Data   RO         1374    .constdata          usbh_config_0.o
    0x0802236e   0x0802236e   0x00000002   PAD
    0x08022370   0x08022370   0x00000004   Data   RO         1375    .constdata          usbh_config_0.o
    0x08022374   0x08022374   0x00000024   Data   RO         1377    .constdata          usbh_config_0.o
    0x08022398   0x08022398   0x00000004   Data   RO         1439    .constdata          usbh_config_1.o
    0x0802239c   0x0802239c   0x00000001   Data   RO         1441    .constdata          usbh_config_1.o
    0x0802239d   0x0802239d   0x00000001   Data   RO         1442    .constdata          usbh_config_1.o
    0x0802239e   0x0802239e   0x00000002   PAD
    0x080223a0   0x080223a0   0x00000004   Data   RO         1443    .constdata          usbh_config_1.o
    0x080223a4   0x080223a4   0x00000024   Data   RO         1445    .constdata          usbh_config_1.o
    0x080223c8   0x080223c8   0x00000008   Data   RO         1446    .constdata          usbh_config_1.o
    0x080223d0   0x080223d0   0x00000001   Data   RO         1447    .constdata          usbh_config_1.o
    0x080223d1   0x080223d1   0x00000001   Data   RO         1450    .constdata          usbh_config_1.o
    0x080223d2   0x080223d2   0x00000001   Data   RO         1452    .constdata          usbh_config_1.o
    0x080223d3   0x080223d3   0x00000001   PAD
    0x080223d4   0x080223d4   0x00000008   Data   RO         1455    .constdata          usbh_config_1.o
    0x080223dc   0x080223dc   0x00000008   Data   RO         1460    .constdata          usbh_config_1.o
    0x080223e4   0x080223e4   0x00000008   Data   RO         1461    .constdata          usbh_config_1.o
    0x080223ec   0x080223ec   0x00000008   Data   RO         1462    .constdata          usbh_config_1.o
    0x080223f4   0x080223f4   0x00000008   Data   RO         1463    .constdata          usbh_config_1.o
    0x080223fc   0x080223fc   0x00000008   Data   RO         1464    .constdata          usbh_config_1.o
    0x08022404   0x08022404   0x00000008   Data   RO         1465    .constdata          usbh_config_1.o
    0x0802240c   0x0802240c   0x00000004   Data   RO         1467    .constdata          usbh_config_1.o
    0x08022410   0x08022410   0x00000008   Data   RO         1468    .constdata          usbh_config_1.o
    0x08022418   0x08022418   0x00000008   Data   RO         1469    .constdata          usbh_config_1.o
    0x08022420   0x08022420   0x00000010   Data   RO         1956    .constdata          FS_LFN_CM3_L.lib(fs_mc_mci.o)
    0x08022430   0x08022430   0x00000006   Data   RO         2043    .constdata          Net_Dbg_CM3_L.lib(net_eth.o)
    0x08022436   0x08022436   0x00000010   Data   RO         2336    .constdata          Net_Dbg_CM3_L.lib(net_dhcp6_client.o)
    0x08022446   0x08022446   0x00000008   Data   RO         2360    .constdata          Net_Dbg_CM3_L.lib(net_nbns_client.o)
    0x0802244e   0x0802244e   0x000000fa   Data   RO         2430    .constdata          Net_Dbg_CM3_L.lib(net_http_server.o)
    0x08022548   0x08022548   0x00000012   Data   RO         2503    .constdata          Net_Dbg_CM3_L.lib(net_ping_core.o)
    0x0802255a   0x0802255a   0x00000010   Data   RO         2614    .constdata          Net_Dbg_CM3_L.lib(net_addr.o)
    0x0802256a   0x0802256a   0x00000002   PAD
    0x0802256c   0x0802256c   0x000004ac   Data   RO         3197    .constdata          FS_LFN_CM3_L.lib(fs_fat.o)
    0x08022a18   0x08022a18   0x00000008   Data   RO         3438    .constdata          Net_Dbg_CM3_L.lib(net_ip4.o)
    0x08022a20   0x08022a20   0x00000020   Data   RO         3482    .constdata          Net_Dbg_CM3_L.lib(net_ip6.o)
    0x08022a40   0x08022a40   0x00000010   Data   RO         3483    .constdata          Net_Dbg_CM3_L.lib(net_ip6.o)
    0x08022a50   0x08022a50   0x00000018   Data   RO         3514    .constdata          Net_Dbg_CM3_L.lib(net_http_server_err.o)
    0x08022a68   0x08022a68   0x00000090   Data   RO         3548    .constdata          Net_Dbg_CM3_L.lib(net_base64.o)
    0x08022af8   0x08022af8   0x0000003a   Data   RO         3601    .constdata          USB_Dbg_CM3_L.lib(usbh_lib_hid_idtoascii.o)
    0x08022b32   0x08022b32   0x00000028   Data   RO         3657    .constdata          c_w.l(_printf_hex_int_ptr.o)
    0x08022b5a   0x08022b5a   0x00000011   Data   RO         3683    .constdata          c_w.l(__printf_flags_ss_wp.o)
    0x08022b6b   0x08022b6b   0x00000001   PAD
    0x08022b6c   0x08022b6c   0x00000087   Data   RO          134    .conststring        http_server_cgi.o
    0x08022bf3   0x08022bf3   0x00000001   PAD
    0x08022bf4   0x08022bf4   0x00000053   Data   RO         1321    .conststring        net_config.o
    0x08022c47   0x08022c47   0x00000001   PAD
    0x08022c48   0x08022c48   0x00000008   Data   RO         1322    .conststring        net_config.o
    0x08022c50   0x08022c50   0x00000041   Data   RO         1323    .conststring        net_config.o
    0x08022c91   0x08022c91   0x00000003   PAD
    0x08022c94   0x08022c94   0x0000003d   Data   RO         1324    .conststring        net_config.o
    0x08022cd1   0x08022cd1   0x00000003   PAD
    0x08022cd4   0x08022cd4   0x00000012   Data   RO         1325    .conststring        net_config.o
    0x08022ce6   0x08022ce6   0x00000002   PAD
    0x08022ce8   0x08022ce8   0x0000001c   Data   RO         1326    .conststring        net_config.o
    0x08022d04   0x08022d04   0x00000012   Data   RO         1378    .conststring        usbh_config_0.o
    0x08022d16   0x08022d16   0x00000002   PAD
    0x08022d18   0x08022d18   0x00000012   Data   RO         1470    .conststring        usbh_config_1.o
    0x08022d2a   0x08022d2a   0x00000002   PAD
    0x08022d2c   0x08022d2c   0x000001ff   Data   RO         3515    .conststring        Net_Dbg_CM3_L.lib(net_http_server_err.o)
    0x08022f2b   0x08022f2b   0x00000001   PAD
    0x08022f2c   0x08022f2c   0x00000068   Data   RO          422    .rodata             rtx_lib.o
    0x08022f94   0x08022f94   0x0000000b   Data   RO         1581    .rodata.str1.4      RTX_CM4F.lib(rtx_kernel.o)
    0x08022f9f   0x08022f9f   0x00000001   PAD
    0x08022fa0   0x08022fa0   0x00000020   Data   RO         4133    Region$$Table       anon$$obj.o
    0x08022fc0   0x08022fc0   0x00000004   Data   RO         3567    __MW_USB_LIB_VERSION_6.12.8  USB_Dbg_CM3_L.lib(usb_lib_ver.o)
    0x08022fc4   0x08022fc4   0x00000110   Data   RO         4050    locale$$data        c_w.l(lc_ctype_c.o)


    Execution Region RW_IRAM1 (Exec base: 0x20011000, Load base: 0x080230d4, Size: 0x00008328, Max: 0x0003f000, ABSOLUTE, COMPRESSED[0x000000e8])

    Exec Addr    Load Addr    Size         Type   Attr      Idx    E Section Name        Object

    0x20011000   COMPRESSED   0x00001000   Data   RW          407    .bss.os             rtx_lib.o
    0x20012000   COMPRESSED   0x00000040   Data   RW          408    .bss.os             rtx_lib.o
    0x20012040   COMPRESSED   0x000001f0   Data   RW          409    .bss.os.libspace    rtx_lib.o
    0x20012230   COMPRESSED   0x00000034   Data   RW          410    .bss.os.msgqueue.cb  rtx_lib.o
    0x20012264   COMPRESSED   0x00000050   Data   RW          411    .bss.os.msgqueue.mem  rtx_lib.o
    0x200122b4   COMPRESSED   0x0000001c   Data   RW         1220    .bss.os.mutex.cb    fs_config.o
    0x200122d0   COMPRESSED   0x0000001c   Data   RW         1299    .bss.os.mutex.cb    net_config.o
    0x200122ec   COMPRESSED   0x0000001c   Data   RW         1300    .bss.os.mutex.cb    net_config.o
    0x20012308   COMPRESSED   0x00000038   Data   RW         1432    .bss.os.mutex.cb    usbh_config_1.o
    0x20012340   COMPRESSED   0x00000010   Data   RW         1301    .bss.os.semaphore.cb  net_config.o
    0x20012350   COMPRESSED   0x00000020   Data   RW         1433    .bss.os.semaphore.cb  usbh_config_1.o
    0x20012370   COMPRESSED   0x00000044   Data   RW          412    .bss.os.thread.cb   rtx_lib.o
    0x200123b4   COMPRESSED   0x00000044   Data   RW          413    .bss.os.thread.cb   rtx_lib.o
    0x200123f8   COMPRESSED   0x00000044   Data   RW         1302    .bss.os.thread.cb   net_config.o
    0x2001243c   COMPRESSED   0x00000044   Data   RW         1303    .bss.os.thread.cb   net_config.o
    0x20012480   COMPRESSED   0x00000044   Data   RW         1369    .bss.os.thread.cb   usbh_config_0.o
    0x200124c4   COMPRESSED   0x00000044   Data   RW         1434    .bss.os.thread.cb   usbh_config_1.o
    0x20012508   COMPRESSED   0x00000044   Data   RW         1435    .bss.os.thread.cb   usbh_config_1.o
    0x2001254c   COMPRESSED   0x00000004   PAD
    0x20012550   COMPRESSED   0x00000100   Data   RW          414    .bss.os.thread.stack  rtx_lib.o
    0x20012650   COMPRESSED   0x00000200   Data   RW          415    .bss.os.thread.stack  rtx_lib.o
    0x20012850   COMPRESSED   0x00000400   Data   RW         1304    .bss.os.thread.stack  net_config.o
    0x20012c50   COMPRESSED   0x00000400   Data   RW         1305    .bss.os.thread.stack  net_config.o
    0x20013050   COMPRESSED   0x00000400   Data   RW         1370    .bss.os.thread.stack  usbh_config_0.o
    0x20013450   COMPRESSED   0x00000400   Data   RW         1436    .bss.os.thread.stack  usbh_config_1.o
    0x20013850   COMPRESSED   0x00000200   Data   RW         1437    .bss.os.thread.stack  usbh_config_1.o
    0x20013a50   COMPRESSED   0x00000040   Data   RW         1438    .bss.os.timer.cb    usbh_config_1.o
    0x20013a90   COMPRESSED   0x00000004   Data   RW            5    .data               main.o
    0x20013a94   COMPRESSED   0x00000010   Data   RW          135    .data               http_server_cgi.o
    0x20013aa4   COMPRESSED   0x00000008   Data   RW          171    .data               http_upload.o
    0x20013aac   COMPRESSED   0x00000002   Data   RW          267    .data               stdout_display.o
    0x20013aae   COMPRESSED   0x00000002   Data   RW          309    .data               stm32746g_discovery_sdram.o
    0x20013ab0   COMPRESSED   0x00000008   Data   RW          341    .data               glcd_746g_discovery.o
    0x20013ab8   COMPRESSED   0x00000001   Data   RW          421    .data               rtx_lib.o
    0x20013ab9   COMPRESSED   0x00000001   Data   RW          618    .data               otg_fs_stm32f7xx.o
    0x20013aba   COMPRESSED   0x00000001   Data   RW          658    .data               otg_hs_stm32f7xx.o
    0x20013abb   COMPRESSED   0x00000001   PAD
    0x20013abc   COMPRESSED   0x0000003c   Data   RW          692    .data               usbh_fs_stm32f7xx.o
    0x20013af8   COMPRESSED   0x0000004c   Data   RW          730    .data               usbh_hs_stm32f7xx.o
    0x20013b44   COMPRESSED   0x0000000c   Data   RW          842    .data               stm32f7xx_hal.o
    0x20013b50   COMPRESSED   0x00000004   Data   RW         1189    .data               system_stm32f7xx.o
    0x20013b54   COMPRESSED   0x00000004   Data   RW         1226    .data               fs_config.o
    0x20013b58   COMPRESSED   0x00000006   Data   RW         1327    .data               net_config.o
    0x20013b5e   COMPRESSED   0x00000002   PAD
    0x20013b60   COMPRESSED   0x00000004   Data   RW         1379    .data               usbh_config_0.o
    0x20013b64   COMPRESSED   0x00000004   Data   RW         1471    .data               usbh_config_1.o
    0x20013b68   COMPRESSED   0x00000034   Data   RW         1476    .data               usbh_config_1.o
    0x20013b9c   COMPRESSED   0x00000008   Data   RW         1477    .data               usbh_config_1.o
    0x20013ba4   COMPRESSED   0x00000008   Data   RW         1478    .data               usbh_config_1.o
    0x20013bac   COMPRESSED   0x00000008   Data   RW         1479    .data               usbh_config_1.o
    0x20013bb4   COMPRESSED   0x00000008   Data   RW         1480    .data               usbh_config_1.o
    0x20013bbc   COMPRESSED   0x00000008   Data   RW         1481    .data               usbh_config_1.o
    0x20013bc4   COMPRESSED   0x00000008   Data   RW         1482    .data               usbh_config_1.o
    0x20013bcc   COMPRESSED   0x00000001   Data   RW         1892    .data               FS_LFN_CM3_L.lib(fs_mapi.o)
    0x20013bcd   COMPRESSED   0x00000003   PAD
    0x20013bd0   COMPRESSED   0x00000008   Data   RW         2077    .data               Net_Dbg_CM3_L.lib(net_loopback.o)
    0x20013bd8   COMPRESSED   0x00000004   Data   RW         2095    .data               Net_Dbg_CM3_L.lib(net_ip4_frag.o)
    0x20013bdc   COMPRESSED   0x00000002   Data   RW         2133    .data               Net_Dbg_CM3_L.lib(net_udp.o)
    0x20013bde   COMPRESSED   0x00000004   Data   RW         2221    .data               Net_Dbg_CM3_L.lib(net_tcp.o)
    0x20013be2   COMPRESSED   0x00000001   Data   RW         2361    .data               Net_Dbg_CM3_L.lib(net_nbns_client.o)
    0x20013be3   COMPRESSED   0x00000001   PAD
    0x20013be4   COMPRESSED   0x00000014   Data   RW         2431    .data               Net_Dbg_CM3_L.lib(net_http_server.o)
    0x20013bf8   COMPRESSED   0x0000000c   Data   RW         2537    .data               Net_Dbg_CM3_L.lib(net_sys.o)
    0x20013c04   COMPRESSED   0x00000001   Data   RW         3083    .data               FS_LFN_CM3_L.lib(fs_common.o)
    0x20013c05   COMPRESSED   0x00000002   Data   RW         3334    .data               Net_Dbg_CM3_L.lib(net_arp.o)
    0x20013c07   COMPRESSED   0x00000002   Data   RW         3391    .data               Net_Dbg_CM3_L.lib(net_ndp.o)
    0x20013c09   COMPRESSED   0x00000003   PAD
    0x20013c0c   COMPRESSED   0x00000008   Data   RW         3439    .data               Net_Dbg_CM3_L.lib(net_ip4.o)
    0x20013c14   COMPRESSED   0x00000008   Data   RW         3484    .data               Net_Dbg_CM3_L.lib(net_ip6.o)
    0x20013c1c   COMPRESSED   0x00000004   Data   RW         3714    .data               c_w.l(stdio_streams.o)
    0x20013c20   COMPRESSED   0x00000004   Data   RW         3715    .data               c_w.l(stdio_streams.o)
    0x20013c24   COMPRESSED   0x00000004   Data   RW         3716    .data               c_w.l(stdio_streams.o)
    0x20013c28   COMPRESSED   0x00000004   Data   RW         3860    .data               c_w.l(streamlock.o)
    0x20013c2c   COMPRESSED   0x000000a4   Data   RW         1582    .data.os            RTX_CM4F.lib(rtx_kernel.o)
    0x20013cd0        -       0x00000148   Zero   RW          133    .bss                http_server_cgi.o
    0x20013e18        -       0x0000004c   Zero   RW          168    .bss                http_upload.o
    0x20013e64   COMPRESSED   0x00000004   PAD
    0x20013e68        -       0x00000400   Zero   RW          169    .bss                http_upload.o
    0x20014268        -       0x00000120   Zero   RW          308    .bss                stm32746g_discovery_sdram.o
    0x20014388        -       0x000000a8   Zero   RW          340    .bss                glcd_746g_discovery.o
    0x20014430        -       0x0000000c   Zero   RW          487    .bss                phy_lan8742a.o
    0x2001443c        -       0x0000000c   Zero   RW          519    .bss                emac_stm32f7xx.o
    0x20014448        -       0x00000020   Zero   RW          571    .bss                mci_stm32f7xx.o
    0x20014468        -       0x000000c0   Zero   RW          572    .bss                mci_stm32f7xx.o
    0x20014528        -       0x00000180   Zero   RW          689    .bss                usbh_fs_stm32f7xx.o
    0x200146a8        -       0x00000200   Zero   RW          727    .bss                usbh_hs_stm32f7xx.o
    0x200148a8        -       0x00000090   Zero   RW         1217    .bss                fs_config.o
    0x20014938        -       0x0000001c   Zero   RW         1218    .bss                fs_config.o
    0x20014954        -       0x000000a8   Zero   RW         1219    .bss                fs_config.o
    0x200149fc        -       0x00002ee0   Zero   RW         1288    .bss                net_config.o
    0x200178dc        -       0x000000c8   Zero   RW         1289    .bss                net_config.o
    0x200179a4        -       0x00000018   Zero   RW         1290    .bss                net_config.o
    0x200179bc        -       0x0000008c   Zero   RW         1291    .bss                net_config.o
    0x20017a48        -       0x00000064   Zero   RW         1292    .bss                net_config.o
    0x20017aac        -       0x00000028   Zero   RW         1293    .bss                net_config.o
    0x20017ad4        -       0x0000003c   Zero   RW         1294    .bss                net_config.o
    0x20017b10        -       0x00000210   Zero   RW         1295    .bss                net_config.o
    0x20017d20        -       0x00000150   Zero   RW         1296    .bss                net_config.o
    0x20017e70        -       0x00000010   Zero   RW         1297    .bss                net_config.o
    0x20017e80        -       0x00000010   Zero   RW         1298    .bss                net_config.o
    0x20017e90        -       0x0000003c   Zero   RW         1367    .bss                usbh_config_0.o
    0x20017ecc        -       0x0000023c   Zero   RW         1368    .bss                usbh_config_0.o
    0x20018108        -       0x0000003c   Zero   RW         1427    .bss                usbh_config_1.o
    0x20018144        -       0x0000023c   Zero   RW         1428    .bss                usbh_config_1.o
    0x20018380        -       0x000000f8   Zero   RW         1429    .bss                usbh_config_1.o
    0x20018478        -       0x0000001c   Zero   RW         1430    .bss                usbh_config_1.o
    0x20018494        -       0x00000034   Zero   RW         1431    .bss                usbh_config_1.o
    0x200184c8        -       0x00000094   Zero   RW         2042    .bss                Net_Dbg_CM3_L.lib(net_eth.o)
    0x2001855c        -       0x00000014   Zero   RW         2132    .bss                Net_Dbg_CM3_L.lib(net_udp.o)
    0x20018570        -       0x0000003c   Zero   RW         2299    .bss                Net_Dbg_CM3_L.lib(net_dhcp_client.o)
    0x200185ac        -       0x00000044   Zero   RW         2335    .bss                Net_Dbg_CM3_L.lib(net_dhcp6_client.o)
    0x200185f0        -       0x00000028   Zero   RW         2502    .bss                Net_Dbg_CM3_L.lib(net_ping_core.o)
    0x20018618        -       0x00000034   Zero   RW         2535    .bss                Net_Dbg_CM3_L.lib(net_sys.o)
    0x2001864c        -       0x00000018   Zero   RW         2536    .bss                Net_Dbg_CM3_L.lib(net_sys.o)
    0x20018664        -       0x00000014   Zero   RW         2571    .bss                Net_Dbg_CM3_L.lib(net_mem.o)
    0x20018678        -       0x0000005c   Zero   RW         2613    .bss                Net_Dbg_CM3_L.lib(net_addr.o)
    0x200186d4        -       0x00000010   Zero   RW         3333    .bss                Net_Dbg_CM3_L.lib(net_arp.o)
    0x200186e4        -       0x0000003c   Zero   RW         3390    .bss                Net_Dbg_CM3_L.lib(net_ndp.o)
    0x20018720        -       0x00000054   Zero   RW         3711    .bss                c_w.l(stdio_streams.o)
    0x20018774        -       0x00000054   Zero   RW         3712    .bss                c_w.l(stdio_streams.o)
    0x200187c8        -       0x00000054   Zero   RW         3713    .bss                c_w.l(stdio_streams.o)
    0x2001881c        -       0x00000060   Zero   RW         3872    .bss                c_w.l(libspace.o)
    0x2001887c        -       0x00000001   Zero   RW         3063    .bss.PendST         RTX_CM4F.lib(os_systick.o)
    0x2001887d   COMPRESSED   0x00000003   PAD
    0x20018880        -       0x000004a4   Zero   RW          762    .bss.noinit         eventrecorder.o
    0x20018d24   COMPRESSED   0x00000004   PAD
    0x20018d28        -       0x00000200   Zero   RW         1177    HEAP                startup_stm32f746xx.o
    0x20018f28        -       0x00000400   Zero   RW         1176    STACK               startup_stm32f746xx.o



  Load Region LR$$.ARM.__AT_0x20000000 (Base: 0x20000000, Size: 0x00000000, Max: 0x00001400, ABSOLUTE)

    Execution Region ER$$.ARM.__AT_0x20000000 (Exec base: 0x20000000, Load base: 0x20000000, Size: 0x00001400, Max: 0x00001400, ABSOLUTE, UNINIT)

    Exec Addr    Load Addr    Size         Type   Attr      Idx    E Section Name        Object

    0x20000000        -       0x00001400   Zero   RW         1216    .ARM.__AT_0x20000000  fs_config.o



  Load Region LR$$.ARM.__AT_0x2000C000 (Base: 0x2000c000, Size: 0x00000000, Max: 0x000024c0, ABSOLUTE)

    Execution Region ER$$.ARM.__AT_0x2000C000 (Exec base: 0x2000c000, Load base: 0x2000c000, Size: 0x000024c0, Max: 0x000024c0, ABSOLUTE, UNINIT)

    Exec Addr    Load Addr    Size         Type   Attr      Idx    E Section Name        Object

    0x2000c000        -       0x000024c0   Zero   RW          518    .ARM.__AT_0x2000C000  emac_stm32f7xx.o



  Load Region LR$$.ARM.__AT_0xC0000000 (Base: 0xc0000000, Size: 0x00000000, Max: 0x0003fc00, ABSOLUTE)

    Execution Region ER$$.ARM.__AT_0xC0000000 (Exec base: 0xc0000000, Load base: 0xc0000000, Size: 0x0003fc00, Max: 0x0003fc00, ABSOLUTE, UNINIT)

    Exec Addr    Load Addr    Size         Type   Attr      Idx    E Section Name        Object

    0xc0000000        -       0x0003fc00   Zero   RW          339    .ARM.__AT_0xC0000000  glcd_746g_discovery.o


==============================================================================

Image component sizes


      Code (inc. data)   RO Data    RW Data    ZI Data      Debug   Object Name

      2608        160        148          0       9420      52858   emac_stm32f7xx.o
      1448         46         24          0       1188      17240   eventrecorder.o
       404         28         51         32       5460      30261   fs_config.o
      1168         50          0          8     261288       7602   glcd_746g_discovery.o
         0          0       5392          0          0        792   glcd_fonts.o
       696        100        135         16        328      12551   http_server_cgi.o
       116          4          0          0          0       8954   http_server_fs.o
       628        104         36          8       1100      19112   http_upload.o
       304          4          0          0          0       1972   hx711.o
       176         12          8          0          0       2697   led_746g_discovery.o
       424         24          0          4          0     827458   main.o
      3104         98        252          0        224      20610   mci_stm32f7xx.o
       208         16        719       2262      13460      19007   net_config.o
       696         52          0          1          0       7186   otg_fs_stm32f7xx.o
       824         58          0          1          0       3362   otg_hs_stm32f7xx.o
       456          8         36          0         12       7578   phy_lan8742a.o
       348         26         23          0          0       9527   retarget_io.o
         4          0          0          0          0        631   rtx_config.o
       204         14        204       5693          0      10668   rtx_lib.o
        64         26        456          0       1536        876   startup_stm32f746xx.o
       204          8          0          2          0        897   stdout_display.o
       808         50          0          2        288       4580   stm32746g_discovery_sdram.o
       464         32          0         12          0       5761   stm32f7xx_hal.o
       664         10          0          0          0      41410   stm32f7xx_hal_cortex.o
      1824         28          8          0          0       7833   stm32f7xx_hal_dma.o
       872         52          0          0          0       4263   stm32f7xx_hal_gpio.o
      2888         20          0          0          0      15626   stm32f7xx_hal_ltdc.o
       716         12          0          0          0       4703   stm32f7xx_hal_pwr_ex.o
      2236         60          0          0          0       6695   stm32f7xx_hal_rcc.o
      2244         48          0          0          0       5318   stm32f7xx_hal_rcc_ex.o
       928          8          0          0          0       8993   stm32f7xx_hal_sdram.o
       900         16          0          0          0       7799   stm32f7xx_ll_fmc.o
       220         34         24          4          0       1789   system_stm32f7xx.o
         0          0         64       1096        632       6341   usbh_config_0.o
       836         42        151       1928        960      15540   usbh_config_1.o
      3000         82         80         60        384      48320   usbh_fs_stm32f7xx.o
      3136         90         80         76        512      13517   usbh_hs_stm32f7xx.o
       120         10      13003          0          0       1708   web.o

    ----------------------------------------------------------------------
     35940       1432      20948      11212     296800    1262035   Object Totals
         0          0         32          0          0          0   (incl. Generated)
         0          0         22          7          8          0   (incl. Padding)

    ----------------------------------------------------------------------

      Code (inc. data)   RO Data    RW Data    ZI Data      Debug   Library Member Name

       404         20          0          1          0        656   fs_common.o
     11710        288       1196          0          0       5776   fs_fat.o
       728         62          0          1          0        500   fs_mapi.o
      4142         50         16          0          0       2492   fs_mc_mci.o
       808         62          0          0          0        576   fs_sys.o
        26          0          0          0          0         68   fs_time.o
      1266         82         16          0         92       1276   net_addr.o
      2814        240          0          2         16       1508   net_arp.o
       120          6        144          0          0         84   net_base64.o
       162          6          0          0          0        428   net_common.o
      2934        152         16          0         68        876   net_dhcp6_client.o
      3200        168          0          0         60        816   net_dhcp_client.o
      2684        198          6          0        148       1488   net_eth.o
      6796       1326        250         20          0       2756   net_http_server.o
         0          0        535          0          0          0   net_http_server_err.o
       548         34          0          0          0        168   net_icmp.o
       660         38          0          0          0        252   net_icmp6.o
      1340        114          8          8          0        916   net_ip4.o
       690         32          0          4          0        476   net_ip4_frag.o
       842         90         48          8          0        668   net_ip6.o
       324         36          0          8          0        244   net_loopback.o
       564         60          0          0         20        568   net_mem.o
       516         34          8          1          0        180   net_nbns_client.o
      3214        250          0          2         60       1668   net_ndp.o
       184         34         18          0         40        220   net_ping_core.o
       624         84          0         12         76        792   net_sys.o
      6202        264          0          4          0       2224   net_tcp.o
      1194         66          0          2         20        600   net_udp.o
       196         12          0          0          0        544   irq_cm4f.o
       182         48          0          0          1       3637   os_systick.o
        56          4          0          0          0       3110   rtx_delay.o
       880         84         11        164          0      18879   rtx_kernel.o
       264          0          0          0          0       2733   rtx_memory.o
       212          0          0          0          0      17095   rtx_mempool.o
      1390         28          0          0          0      19369   rtx_msgqueue.o
       844         32          0          0          0      10275   rtx_mutex.o
       718         32          0          0          0      11729   rtx_semaphore.o
       372         24          0          0          0       5693   rtx_system.o
      2474        140          0          0          0      34306   rtx_thread.o
       756         52          0          0          0      11154   rtx_timer.o
         0          0          4          0          0          0   usb_lib_ver.o
      7950        402          0          0          0       2736   usbh_lib_core.o
      2170        208          0          0          0       1584   usbh_lib_drv.o
      1516        132          0          0          0       1112   usbh_lib_hid.o
         0          0         58          0          0          0   usbh_lib_hid_idtoascii.o
       256         34          0          0          0        368   usbh_lib_mem.o
        60          8          0          0          0         84   __0sscanf.o
        24          4          0          0          0         84   __2printf.o
        44          6          0          0          0         84   __2sprintf.o
        90          0          0          0          0          0   __dczerorl2.o
         8          0          0          0          0         68   __main.o
       392          4         17          0          0         92   __printf_flags_ss_wp.o
        14          0          0          0          0         68   __printf_wp.o
         0          0          0          0          0          0   __rtentry.o
        20          0          0          0          0          0   __rtentry2.o
         6          0          0          0          0          0   __rtentry4.o
        52          8          0          0          0          0   __scatter.o
        28          0          0          0          0          0   __scatter_zi.o
        28          0          0          0          0         68   _chval.o
        44          0          0          0          0        108   _printf_char.o
        48          6          0          0          0         96   _printf_char_common.o
        64          6          0          0          0         84   _printf_char_file_locked.o
        40          0          0          0          0         68   _printf_charcount.o
         6          0          0          0          0          0   _printf_d.o
       120         16          0          0          0         92   _printf_dec.o
       124          4         40          0          0        144   _printf_hex_int_ptr.o
         6          0          0          0          0          0   _printf_i.o
       178          0          0          0          0         88   _printf_intcommon.o
         6          0          0          0          0          0   _printf_n.o
         6          0          0          0          0          0   _printf_p.o
        78          0          0          0          0        108   _printf_pad.o
         0          0          0          0          0          0   _printf_percent.o
         4          0          0          0          0          0   _printf_percent_end.o
         6          0          0          0          0          0   _printf_s.o
        82          0          0          0          0         80   _printf_str.o
         6          0          0          0          0          0   _printf_u.o
         6          0          0          0          0          0   _printf_x.o
       884          6          0          0          0        100   _scanf.o
       332          0          0          0          0         96   _scanf_int.o
        64          0          0          0          0         84   _sgetc.o
        10          0          0          0          0         68   _sputc.o
       158          0          0          0          0         92   _strtoul.o
        16          0          0          0          0         68   aeabi_memset.o
        26          0          0          0          0         80   atoi.o
        10          0          0          0          0         68   defsig_exit.o
        50          0          0          0          0         88   defsig_general.o
        80         58          0          0          0         76   defsig_rtmem_inner.o
        14          0          0          0          0         80   defsig_rtmem_outer.o
        52         38          0          0          0         76   defsig_rtred_inner.o
        14          0          0          0          0         80   defsig_rtred_outer.o
        18          0          0          0          0         80   exit.o
        76          0          0          0          0         88   fclose.o
        52          6          0          0          0         80   fclose_locked.o
       144         10          0          0          0        128   fflush_locked.o
        24          0          0          0          0         68   fgetc.o
        86          0          0          0          0         84   fgets_locked.o
       570          0          0          0          0        132   filbuf.o
       470          0          0          0          0         88   flsbuf.o
        92          8          0          0          0         88   flushlinebuffered_locked.o
       324          8          0          0          0        152   fopen_locked.o
        26          0          0          0          0         68   fputc.o
        36          0          0          0          0         80   fputc_locked.o
       306          0          0          0          0         96   freadfast_locked.o
       248          6          0          0          0         84   fseek.o
        66          0          0          0          0         76   ftell.o
       208          0          0          0          0         92   fwritefast_locked.o
       158          0          0          0          0        128   h1_alloc_mt.o
        62          0          0          0          0         80   h1_extend_mt.o
        10          0          0          0          0         76   h1_final_mt.o
       118          0          0          0          0        108   h1_free_mt.o
        18          0          0          0          0         84   h1_init_mt.o
         6          0          0          0          0        152   heapauxi.o
         4          0          0          0          0        136   hguard.o
         0          0          0          0          0          0   indicate_semi.o
       138          0          0          0          0        168   init_alloc.o
       456         48          0          0          0        116   initio_locked.o
        18          0          0          0          0         76   isspace.o
        44         10        272          0          0         76   lc_ctype_c.o
         2          0          0          0          0          0   libinit.o
        36          0          0          0          0          0   libinit2.o
         2          0          0          0          0          0   libshutdown.o
        10          0          0          0          0          0   libshutdown2.o
         8          4          0          0         96         68   libspace.o
       238          0          0          0          0        100   lludivv7m.o
         0          0          0          0          0          0   maybetermalloc2.o
        88          0          0          0          0         76   memcmp.o
         4          0          0          0          0         68   putc.o
        16          4          0          0          0         76   rt_ctype_table.o
         4          0          0          0          0         68   rt_errno_addr_twolibspace.o
        10          0          0          0          0         76   rt_heap_descriptor_twolibspace.o
        10          0          0          0          0         76   rt_locale_twolibspace.o
        68          0          0          0          0         68   rt_memclr.o
        78          0          0          0          0         80   rt_memclr_w.o
       138          0          0          0          0         68   rt_memcpy_v6.o
       100          0          0          0          0         80   rt_memcpy_w.o
         2          0          0          0          0          0   rtexit.o
        10          0          0          0          0          0   rtexit2.o
        44          8          0          0          0         84   scanf_char.o
       104          0          0          0          0         88   setvbuf_locked.o
       240          6          0          0          0        156   stdio.o
         0          0          0         12        252          0   stdio_streams.o
       104          0          0          0          0         68   strcmpv7m_pel.o
        72          0          0          0          0         80   strcpy.o
         0          0          0          4          0          0   streamlock.o
        62          0          0          0          0         76   strlen.o
        50          0          0          0          0         84   strncasecmp.o
       150          0          0          0          0         80   strncmp.o
       112          0          0          0          0         88   strtol.o
        12          4          0          0          0         68   sys_exit.o
        74          0          0          0          0         80   sys_stackheap_outer.o
        16          0          0          0          0         80   term_alloc.o
        26          0          0          0          0         76   tolower.o
         2          0          0          0          0         68   use_no_semi.o
        10          0          0          0          0        116   fpinit.o

    ----------------------------------------------------------------------
     84016       5314       2668        260        952     179952   Library Totals
       104          0          5          7          3          0   (incl. Padding)

    ----------------------------------------------------------------------

      Code (inc. data)   RO Data    RW Data    ZI Data      Debug   Library Name

     17818        482       1212          2          0      10068   FS_LFN_CM3_L.lib
     36878       3314       1049         71        600      18208   Net_Dbg_CM3_L.lib
      8344        456         11        164          1     138524   RTX_CM4F.lib
     11892        776         62          0          0       5800   USB_Dbg_CM3_L.lib
      8970        286        329         16        348       7236   c_w.l
        10          0          0          0          0        116   fz_wm.l

    ----------------------------------------------------------------------
     84016       5314       2668        260        952     179952   Library Totals

    ----------------------------------------------------------------------

==============================================================================


      Code (inc. data)   RO Data    RW Data    ZI Data      Debug   

    119956       6746      23616      11472     297752    1409451   Grand Totals
    119956       6746      23616        232     297752    1409451   ELF Image Totals (compressed)
    119956       6746      23616        232          0          0   ROM Totals

==============================================================================

    Total RO  Size (Code + RO Data)               143572 ( 140.21kB)
    Total RW  Size (RW Data + ZI Data)            309224 ( 301.98kB)
    Total ROM Size (Code + RO Data + RW Data)     143804 ( 140.43kB)

==============================================================================

