<html>
<body>
<pre>
<h1>µVision Build Log</h1>
<h2>Tool Versions:</h2>
IDE-Version: µVision V5.26.2.0
Copyright (C) 2018 ARM Ltd and ARM Germany GmbH. All rights reserved.
License Information: N/A N/A, N/A, LIC=X1ENN-YDTVU-8V81H-WQ6I0-F48UT-R8S35
 
Tool Versions:
Toolchain:       MDK-ARM Professional  Version: 5.26.2.0
Toolchain Path:  C:\Keil_v5\ARM\ARMCC\Bin
C Compiler:      Armcc.exe V5.06 update 6 (build 750)
Assembler:       Armasm.exe V5.06 update 6 (build 750)
Linker/Locator:  ArmLink.exe V5.06 update 6 (build 750)
Library Manager: ArmAr.exe V5.06 update 6 (build 750)
Hex Converter:   FromElf.exe V5.06 update 6 (build 750)
CPU DLL:         SARMCM3.DLL V5.26.2.0
Dialog DLL:      DCM.DLL V1.17.2.0
Target DLL:      STLink\ST-LINKIII-KEIL_SWO.dll V3.0.5.0
Dialog DLL:      TCM.DLL V1.36.1.0
 
<h2>Project:</h2>
C:\Users\crist\Desktop\pacificsoft\InterfazETHyTeclado\EthernetYTeclado.uvprojx
Project File Date:  03/21/2019

<h2>Output:</h2>
*** Using Compiler 'V5.06 update 6 (build 750)', folder: 'C:\Keil_v5\ARM\ARMCC\Bin'
Build target 'Target 1'

FCARM uses the following Files via command file '.\Auto_FcArm_Cmd.inp':
dir.cgi,
format.cgi,
home.png,
index.htm,
keil.gif,
llblue.jpg,
logo.gif,
pabb.gif,
upload.cgi 
TO Web.c RTE NOPRINT ROOT(Web)
custom translating @.\Auto_FcArm_Cmd.inp...
Custom: C:\Keil_v5\ARM\Bin\FCARM.exe @.\Auto_FcArm_Cmd.inp
FCARM FILE CONVERTER V2.57
Completed 9 File(s), Ratio 94%
compiling HTTP_Upload.c...
HTTP_Upload.c(68): warning:  #177-D: variable "v"  was declared but never referenced
  	char v[10]={0};
HTTP_Upload.c(73): warning:  #177-D: variable "b"  was declared but never referenced
  	char b[25]={0};
HTTP_Upload.c(74): warning:  #177-D: variable "borar"  was declared but never referenced
  	char borar[20]={0};
HTTP_Upload.c(75): warning:  #177-D: variable "pesa"  was declared but never referenced
  	float pesa ;
HTTP_Upload.c(190): warning:  #177-D: function "BlinkLed"  was declared but never referenced
  static __NO_RETURN void BlinkLed (void *arg) {
HTTP_Upload.c: 5 warnings, 0 errors
linking...
Program Size: Code=119956 RO-data=23616 RW-data=11472 ZI-data=297752  
".\Debug\EthernetYTeclado.axf" - 0 Error(s), 5 Warning(s).

<h2>Software Packages used:</h2>

Package Vendor: ARM
                http://www.keil.com/pack/ARM.CMSIS.5.4.0.pack
                ARM.CMSIS.5.4.0
                CMSIS (Cortex Microcontroller Software Interface Standard)
   * Component: Ethernet MAC Version: 2.1.0
   * Component: Ethernet PHY Version: 2.1.0
   * Component: MCI Version: 2.3.0
   * Component: USB Host Version: 2.2.0
   * Component: RTOS2 Version: 2.1.3
   * Component: CORE Version: 5.1.2
   * Component: Keil RTX5 Variant: Library Version: 5.4.0

Package Vendor: ARM
                http://www.keil.com/pack/ARM.CMSIS-Driver.2.3.0.pack
                ARM.CMSIS-Driver.2.3.0
                CMSIS Drivers for external devices
   * Component: LAN8742A Version: 1.2.0

Package Vendor: Keil
                http://www.keil.com/pack/Keil.ARM_Compiler.1.6.0.pack
                Keil.ARM_Compiler.1.6.0
                Keil ARM Compiler extensions for ARM Compiler 5 and ARM Compiler 6
   * Component: Event Recorder Variant: DAP Version: 1.4.0
   * Component: File Variant: File System Version: 1.2.0
   * Component: STDOUT Variant: User Version: 1.2.0
   * Component: TTY Variant: Breakpoint Version: 1.2.0

Package Vendor: Keil
                http://www.keil.com/pack/Keil.MDK-Middleware.7.7.0.pack
                Keil.MDK-Middleware.7.7.0
                Middleware for Keil MDK-Professional and MDK-Plus
   * Component: Graphic LCD Version: 1.0.0
   * Component: LED Version: 1.0.0
   * Component: CORE Variant: LFN Version: 6.10.1
   * Component: Memory Card Version: 6.10.1
   * Component: CORE Variant: IPv4/IPv6 Debug Version: 7.9.0
   * Component: ETH Version: 7.9.0
   * Component: Web Server Variant: HTTP Version: 7.9.0
   * Component: TCP Version: 7.9.0
   * Component: UDP Version: 7.9.0
   * Component: CORE Variant: Debug Version: 6.12.8
   * Component: Host Version: 6.12.8
   * Component: HID Version: 6.12.8

Package Vendor: Keil
                http://www.keil.com/pack/Keil.STM32F7xx_DFP.2.11.0.pack
                Keil.STM32F7xx_DFP.2.11.0
                STMicroelectronics STM32F7 Series Device Support, Drivers and Examples
   * Component: STM32Cube Framework Version: 1.0.0
   * Component: SDRAM Version: 1.1.1
   * Component: Graphic LCD Version: 1.1.1
   * Component: LED Version: 1.1.1
   * Component: Ethernet MAC Version: 1.6.0
   * Component: MCI Version: 1.6.0
   * Component: Full-speed Version: 1.9.0
   * Component: High-speed Version: 1.12.0
   * Component: Classic Version: 1.2.6
   * Component: Common Version: 1.2.6
   * Component: Cortex Version: 1.2.6
   * Component: DMA Version: 1.2.6
   * Component: GPIO Version: 1.2.6
   * Component: LTDC Version: 1.2.6
   * Component: PWR Version: 1.2.6
   * Component: RCC Version: 1.2.6
   * Component: SDRAM Version: 1.2.6
   * Component: SRAM Version: 1.2.6
   * Component: Startup Version: 1.2.2

<h2>Collection of Component include folders:</h2>
  .\RTE\CMSIS
  .\RTE\Compiler
  .\RTE\Device\STM32F746NGHx
  .\RTE\_Target_1
  C:\Keil_v5\ARM\PACK\ARM\CMSIS\5.4.0\CMSIS\Core\Include
  C:\Keil_v5\ARM\PACK\ARM\CMSIS\5.4.0\CMSIS\Driver\Include
  C:\Keil_v5\ARM\PACK\ARM\CMSIS\5.4.0\CMSIS\RTOS2\Include
  C:\Keil_v5\ARM\PACK\ARM\CMSIS\5.4.0\CMSIS\RTOS2\RTX\Include
  C:\Keil_v5\ARM\PACK\Keil\ARM_Compiler\1.6.0\Include
  C:\Keil_v5\ARM\PACK\Keil\MDK-Middleware\7.7.0\Board
  C:\Keil_v5\ARM\PACK\Keil\MDK-Middleware\7.7.0\FileSystem\Include
  C:\Keil_v5\ARM\PACK\Keil\MDK-Middleware\7.7.0\Network\Include
  C:\Keil_v5\ARM\PACK\Keil\MDK-Middleware\7.7.0\USB\Include
  C:\Keil_v5\ARM\PACK\Keil\STM32F7xx_DFP\2.11.0\Drivers\BSP\STM32746G-Discovery
  C:\Keil_v5\ARM\PACK\Keil\STM32F7xx_DFP\2.11.0\Drivers\CMSIS\Device\ST\STM32F7xx\Include
  C:\Keil_v5\ARM\PACK\Keil\STM32F7xx_DFP\2.11.0\Drivers\STM32F7xx_HAL_Driver\Inc
  C:\Keil_v5\ARM\PACK\Keil\STM32F7xx_DFP\2.11.0\MDK\Boards\ST\STM32F746G_Discovery\Common

<h2>Collection of Component Files used:</h2>

   * Component: ::Board Support:Graphic LCD:1.0.0 (API)
      Include file:  Board\Board_GLCD.h

   * Component: ::Board Support:LED:1.0.0 (API)
      Include file:  Board\Board_LED.h

   * Component: ::CMSIS Driver:Ethernet MAC:2.1.0 (API)
      Include file:  CMSIS\Driver\Include\Driver_ETH_MAC.h

   * Component: ::CMSIS Driver:Ethernet PHY:2.1.0 (API)
      Include file:  CMSIS\Driver\Include\Driver_ETH_PHY.h

   * Component: ::CMSIS Driver:MCI:2.3.0 (API)
      Include file:  CMSIS\Driver\Include\Driver_MCI.h

   * Component: ::CMSIS Driver:USB Host:2.2.0 (API)
      Include file:  CMSIS\Driver\Include\Driver_USBH.h

   * Component: ::CMSIS:RTOS2:2.1.3 (API)
      Include file:  CMSIS\RTOS2\Include\cmsis_os2.h

   * Component: ::Device:STM32Cube Framework:1.0.0 (API)

   * Component: ARM::CMSIS:CORE:5.1.2

   * Component: ARM::CMSIS:RTOS2:Keil RTX5:Library:5.4.0
      Source file:   CMSIS\RTOS2\RTX\Template\svc_user.c
      Source file:   CMSIS\RTOS2\RTX\Template\MemPool.c
      Include file:  CMSIS\RTOS2\RTX\Include\rtx_os.h
      Source file:   CMSIS\RTOS2\RTX\Source\rtx_lib.c
      Source file:   CMSIS\RTOS2\RTX\Template\MsgQueue.c
      Source file:   CMSIS\RTOS2\RTX\Template\Thread.c
      Source file:   CMSIS\RTOS2\RTX\Template\Semaphore.c
      Source file:   CMSIS\RTOS2\RTX\Template\Events.c
      Source file:   CMSIS\RTOS2\RTX\Template\Timer.c
      Include file:  CMSIS\RTOS2\RTX\Config\RTX_Config.h
      Source file:   CMSIS\RTOS2\RTX\Config\RTX_Config.c
      Source file:   CMSIS\RTOS2\RTX\Template\Mutex.c
      Source file:   CMSIS\RTOS2\RTX\Template\main.c
      Library file:  CMSIS\RTOS2\RTX\Library\ARM\RTX_CM4F.lib

   * Component: Keil.ARM Compiler::Compiler:Event Recorder:DAP:1.4.0
      Include file:  Config\EventRecorderConf.h
      Include file:  Include\EventRecorder.h
      Source file:   Source\EventRecorder.c

   * Component: Keil.ARM Compiler::Compiler:I/O:File:File System:1.2.0
      Source file:   Source\retarget_io.c

   * Component: Keil.ARM Compiler::Compiler:I/O:STDOUT:User:1.2.0
      Source file:   Template\stdout_display.c
      Source file:   Source\retarget_io.c
      Source file:   Template\stdout_user.c
      Source file:   Template\stdout_USART.c

   * Component: Keil.ARM Compiler::Compiler:I/O:TTY:Breakpoint:1.2.0
      Source file:   Source\retarget_io.c

   * Component: Keil.MDK-Pro::File System:CORE:LFN:6.10.1
      Source file:   FileSystem\Config\FS_Config.c
      Include file:  FileSystem\Include\rl_fs.h
      Library file:  FileSystem\Lib\ARM\FS_LFN_CM3_L.lib

   * Component: Keil.MDK-Pro::File System:Drive:Memory Card:6.10.1
      Source file:   FileSystem\Config\FS_Config_MC.h

   * Component: Keil.MDK-Pro::Network:CORE:IPv4/IPv6 Debug:7.9.0
      Include file:  Network\Include\rl_net.h
      Source file:   Network\Config\Net_Config.c
      Library file:  Network\Lib\ARM\Net_Dbg_CM3_L.lib

   * Component: Keil.MDK-Pro::Network:Interface:ETH:7.9.0
      Source file:   Network\Config\Net_Config_ETH.h

   * Component: Keil.MDK-Pro::Network:Service:Web Server:HTTP:7.9.0
      Source file:   Network\Config\Net_Config_HTTP_Server.h
      Source file:   Network\Template\HTTP_Server_Multiuser.c
      Source file:   Network\Template\HTTP_Server_Error.c
      Source file:   Network\Template\HTTP_Server_CGI.c
      Source file:   Network\Template\HTTP_Server_Access.c
      Source file:   Network\Interface\HTTP_Server_FS.c

   * Component: Keil.MDK-Pro::Network:Socket:TCP:7.9.0
      Source file:   Network\Template\TCP_Socket_Client.c
      Source file:   Network\Config\Net_Config_TCP.h
      Source file:   Network\Template\TCP_Socket_Server.c

   * Component: Keil.MDK-Pro::Network:Socket:UDP:7.9.0
      Source file:   Network\Config\Net_Config_UDP.h
      Source file:   Network\Template\UDP_Socket.c

   * Component: Keil.MDK-Pro::USB:CORE:Debug:6.12.8
      Library file:  USB\Lib\ARM\USB_Dbg_CM3_L.lib
      Include file:  USB\Include\rl_usb.h

   * Component: Keil.MDK-Pro::USB:Host:6.12.8
      Source file:   USB\Config\USBH_Config.c

   * Component: Keil.MDK-Pro::USB:Host:HID:6.12.8
      Source file:   USB\Config\USBH_Config_HID.h

   * Component: Keil.STM32F746G-Discovery::Board Support:Drivers:SDRAM:1.1.1
      Source file:   Drivers\BSP\STM32746G-Discovery\stm32746g_discovery_sdram.c
      Include file:  Drivers\BSP\STM32746G-Discovery\stm32746g_discovery_sdram.h

   * Component: Keil.STM32F746G-Discovery::Board Support:Graphic LCD:1.1.1
      Include file:  MDK\Boards\ST\STM32F746G_Discovery\Common\GLCD_Config.h
      Source file:   MDK\Boards\ST\STM32F746G_Discovery\Common\GLCD_Fonts.c
      Source file:   MDK\Boards\ST\STM32F746G_Discovery\Common\GLCD_746G_Discovery.c

   * Component: Keil.STM32F746G-Discovery::Board Support:LED:1.1.1
      Source file:   MDK\Boards\ST\STM32F746G_Discovery\Common\LED_746G_Discovery.c

   * Component: Keil::CMSIS Driver:Ethernet MAC:1.6.0
      Source file:   CMSIS\Driver\EMAC_STM32F7xx.c

   * Component: Keil::CMSIS Driver:Ethernet PHY:LAN8742A:1.2.0
      Source file:   ETH\PHY_LAN8742A.c

   * Component: Keil::CMSIS Driver:MCI:1.6.0
      Source file:   CMSIS\Driver\MCI_STM32F7xx.c

   * Component: Keil::CMSIS Driver:USB Host:Full-speed:1.9.0
      Source file:   CMSIS\Driver\OTG_FS_STM32F7xx.c
      Source file:   CMSIS\Driver\USBH_FS_STM32F7xx.c

   * Component: Keil::CMSIS Driver:USB Host:High-speed:1.12.0
      Source file:   CMSIS\Driver\OTG_HS_STM32F7xx.c
      Source file:   CMSIS\Driver\USBH_HS_STM32F7xx.c

   * Component: Keil::Device:STM32Cube Framework:Classic:1.2.6
      Source file:   MDK\Templates\Src\stm32f7xx_it.c
      Include file:  MDK\Templates_LL\Inc\main.h
      Source file:   MDK\Templates_LL\Src\main.c
      Source file:   MDK\Templates\Src\stm32f7xx_hal_msp.c
      Include file:  MDK\Templates\Inc\stm32f7xx_it.h
      Include file:  MDK\Templates\Inc\main.h
      Source file:   MDK\Templates\Src\main.c
      Include file:  CMSIS\Driver\Config\RTE_Device.h
      Include file:  MDK\Templates\Inc\stm32f7xx_hal_conf.h

   * Component: Keil::Device:STM32Cube HAL:Common:1.2.6
      Source file:   Drivers\STM32F7xx_HAL_Driver\Src\stm32f7xx_hal.c
      Include file:  Drivers\STM32F7xx_HAL_Driver\Inc\stm32f7xx_hal.h

   * Component: Keil::Device:STM32Cube HAL:Cortex:1.2.6
      Source file:   Drivers\STM32F7xx_HAL_Driver\Src\stm32f7xx_hal_cortex.c

   * Component: Keil::Device:STM32Cube HAL:DMA:1.2.6
      Source file:   Drivers\STM32F7xx_HAL_Driver\Src\stm32f7xx_hal_dma.c
      Source file:   Drivers\STM32F7xx_HAL_Driver\Src\stm32f7xx_hal_dma_ex.c

   * Component: Keil::Device:STM32Cube HAL:GPIO:1.2.6
      Source file:   Drivers\STM32F7xx_HAL_Driver\Src\stm32f7xx_hal_gpio.c

   * Component: Keil::Device:STM32Cube HAL:LTDC:1.2.6
      Source file:   Drivers\STM32F7xx_HAL_Driver\Src\stm32f7xx_hal_ltdc.c
      Source file:   Drivers\STM32F7xx_HAL_Driver\Src\stm32f7xx_hal_ltdc_ex.c

   * Component: Keil::Device:STM32Cube HAL:PWR:1.2.6
      Source file:   Drivers\STM32F7xx_HAL_Driver\Src\stm32f7xx_hal_pwr.c
      Source file:   Drivers\STM32F7xx_HAL_Driver\Src\stm32f7xx_hal_pwr_ex.c

   * Component: Keil::Device:STM32Cube HAL:RCC:1.2.6
      Source file:   Drivers\STM32F7xx_HAL_Driver\Src\stm32f7xx_hal_rcc_ex.c
      Source file:   Drivers\STM32F7xx_HAL_Driver\Src\stm32f7xx_hal_rcc.c

   * Component: Keil::Device:STM32Cube HAL:SDRAM:1.2.6
      Source file:   Drivers\STM32F7xx_HAL_Driver\Src\stm32f7xx_hal_sdram.c
      Source file:   Drivers\STM32F7xx_HAL_Driver\Src\stm32f7xx_ll_fmc.c

   * Component: Keil::Device:STM32Cube HAL:SRAM:1.2.6
      Source file:   Drivers\STM32F7xx_HAL_Driver\Src\stm32f7xx_ll_fmc.c
      Source file:   Drivers\STM32F7xx_HAL_Driver\Src\stm32f7xx_hal_sram.c

   * Component: Keil::Device:Startup:1.2.2
      Source file:   Drivers\CMSIS\Device\ST\STM32F7xx\Source\Templates\system_stm32f7xx.c
      Source file:   MDK\Device\Source\ARM\STM32F74x_75x_OPT.s
      Source file:   MDK\Device\Source\ARM\STM32F74x_75x_OTP.s
      Include file:  Drivers\CMSIS\Device\ST\STM32F7xx\Include\stm32f7xx.h
      Source file:   Drivers\CMSIS\Device\ST\STM32F7xx\Source\Templates\arm\startup_stm32f746xx.s
Build Time Elapsed:  00:00:04
</pre>
</body>
</html>
